ERC report (2026-07-14T00:09:20, Encoding UTF8)
Report includes: Errors, Warnings

***** Sheet /
[unresolved_variable]: Unresolved text variable
    ; error
    @(46.609 mm, 152.146 mm): Hierarchical Label 'AN9'
[pin_not_connected]: Hierarchical label 'AN9' in root sheet cannot be connected to non-existent parent sheet
    ; error
    @(46.609 mm, 152.146 mm): Hierarchical Label 'AN9'
[power_pin_not_driven]: Input Power pin not driven by any Output Power pins
    ; error
    @(52.578 mm, 141.986 mm): Symbol #PWR0801 Hidden pin 1 [+3.3V, Power input, Line]
[power_pin_not_driven]: Input Power pin not driven by any Output Power pins
    ; error
    @(52.578 mm, 171.196 mm): Symbol #PWR0802 Hidden pin 1 [GND, Power input, Line]
[pin_not_connected]: Hierarchical label 'AMPER' in root sheet cannot be connected to non-existent parent sheet
    ; error
    @(60.706 mm, 69.469 mm): Hierarchical Label 'AMPER'
[unresolved_variable]: Unresolved text variable
    ; error
    @(77.724 mm, 153.543 mm): Hierarchical Label 'AN10'
[pin_not_connected]: Hierarchical label 'AN10' in root sheet cannot be connected to non-existent parent sheet
    ; error
    @(77.724 mm, 153.543 mm): Hierarchical Label 'AN10'
[pin_not_connected]: Pin not connected
    ; error
    @(114.173 mm, 83.058 mm): Symbol RV801 Pin 1 [1, Passive, Line]
[pin_not_connected]: Hierarchical label 'AN8' in root sheet cannot be connected to non-existent parent sheet
    ; error
    @(143.002 mm, 75.057 mm): Hierarchical Label 'AN8'
[unresolved_variable]: Unresolved text variable
    ; error
    @(143.002 mm, 75.057 mm): Hierarchical Label 'AN8'
[endpoint_off_grid]: Symbol pin or wire end off connection grid
    ; warning
    @(46.609 mm, 152.146 mm): Horizontal Wire, length 5.969 mm
[endpoint_off_grid]: Symbol pin or wire end off connection grid
    ; warning
    @(52.578 mm, 141.986 mm): Symbol #PWR0801 Hidden pin 1 [+3.3V, Power input, Line]
[endpoint_off_grid]: Symbol pin or wire end off connection grid
    ; warning
    @(52.578 mm, 143.256 mm): Symbol R? Pin 1 [Passive, Line]
[endpoint_off_grid]: Symbol pin or wire end off connection grid
    ; warning
    @(52.578 mm, 143.256 mm): Vertical Wire, length 1.27 mm
[endpoint_off_grid]: Symbol pin or wire end off connection grid
    ; warning
    @(52.578 mm, 150.876 mm): Vertical Wire, length 1.27 mm
[endpoint_off_grid]: Symbol pin or wire end off connection grid
    ; warning
    @(52.578 mm, 152.146 mm): Vertical Wire, length 3.81 mm
[endpoint_off_grid]: Symbol pin or wire end off connection grid
    ; warning
    @(52.578 mm, 152.146 mm): Horizontal Wire, length 6.35 mm
[endpoint_off_grid]: Symbol pin or wire end off connection grid
    ; warning
    @(52.578 mm, 155.956 mm): Symbol R? Pin 1 [Passive, Line]
[endpoint_off_grid]: Symbol pin or wire end off connection grid
    ; warning
    @(52.578 mm, 163.576 mm): Vertical Wire, length 7.62 mm
[endpoint_off_grid]: Symbol pin or wire end off connection grid
    ; warning
    @(52.578 mm, 171.196 mm): Symbol #PWR0802 Hidden pin 1 [GND, Power input, Line]
[endpoint_off_grid]: Symbol pin or wire end off connection grid
    ; warning
    @(58.928 mm, 152.146 mm): Symbol J801 Pin 1 [Pin_1, Passive, Line]
[endpoint_off_grid]: Symbol pin or wire end off connection grid
    ; warning
    @(60.706 mm, 69.469 mm): Horizontal Wire, length 4.699 mm
[footprint_link_issues]: Footprint 'Pin_D1.5mmx1mm' not found in library 'Connector_Pin'
    ; warning
    @(64.008 mm, 152.146 mm): Symbol J801 [Conn_01x01_Pin]
[endpoint_off_grid]: Symbol pin or wire end off connection grid
    ; warning
    @(65.405 mm, 69.469 mm): Vertical Wire, length 2.921 mm
[endpoint_off_grid]: Symbol pin or wire end off connection grid
    ; warning
    @(65.405 mm, 72.39 mm): Horizontal Wire, length 10.668 mm
[endpoint_off_grid]: Symbol pin or wire end off connection grid
    ; warning
    @(65.405 mm, 76.454 mm): Vertical Wire, length 4.064 mm
[endpoint_off_grid]: Symbol pin or wire end off connection grid
    ; warning
    @(65.405 mm, 76.454 mm): Symbol R809 Pin 1 [Passive, Line]
[endpoint_off_grid]: Symbol pin or wire end off connection grid
    ; warning
    @(65.405 mm, 96.647 mm): Vertical Wire, length 12.573 mm
[endpoint_off_grid]: Symbol pin or wire end off connection grid
    ; warning
    @(65.532 mm, 96.647 mm): Horizontal Wire, length 0.127 mm
[endpoint_off_grid]: Symbol pin or wire end off connection grid
    ; warning
    @(65.532 mm, 96.774 mm): Symbol #PWR0809 Hidden pin 1 [GND, Power input, Line]
[endpoint_off_grid]: Symbol pin or wire end off connection grid
    ; warning
    @(65.532 mm, 96.774 mm): Vertical Wire, length 0.127 mm
[endpoint_off_grid]: Symbol pin or wire end off connection grid
    ; warning
    @(72.644 mm, 77.47 mm): Vertical Wire, length 11.684 mm
[endpoint_off_grid]: Symbol pin or wire end off connection grid
    ; warning
    @(72.644 mm, 89.154 mm): Horizontal Wire, length 23.368 mm
[endpoint_off_grid]: Symbol pin or wire end off connection grid
    ; warning
    @(76.073 mm, 72.39 mm): Symbol U801 Pin 5 [+, Input, Line]
[endpoint_off_grid]: Symbol pin or wire end off connection grid
    ; warning
    @(76.073 mm, 77.47 mm): Horizontal Wire, length 3.429 mm
[endpoint_off_grid]: Symbol pin or wire end off connection grid
    ; warning
    @(77.724 mm, 153.543 mm): Horizontal Wire, length 4.064 mm
[endpoint_off_grid]: Symbol pin or wire end off connection grid
    ; warning
    @(81.788 mm, 141.732 mm): Symbol #PWR0803 Hidden pin 1 [+3.3V, Power input, Line]
[endpoint_off_grid]: Symbol pin or wire end off connection grid
    ; warning
    @(81.788 mm, 143.002 mm): Vertical Wire, length 1.27 mm
[endpoint_off_grid]: Symbol pin or wire end off connection grid
    ; warning
    @(81.788 mm, 143.002 mm): Symbol R? Pin 1 [Passive, Line]
[endpoint_off_grid]: Symbol pin or wire end off connection grid
    ; warning
    @(81.788 mm, 150.622 mm): Vertical Wire, length 1.27 mm
[endpoint_off_grid]: Symbol pin or wire end off connection grid
    ; warning
    @(81.788 mm, 151.892 mm): Horizontal Wire, length 6.35 mm
[endpoint_off_grid]: Symbol pin or wire end off connection grid
    ; warning
    @(81.788 mm, 151.892 mm): Vertical Wire, length 1.651 mm
[endpoint_off_grid]: Symbol pin or wire end off connection grid
    ; warning
    @(81.788 mm, 153.543 mm): Vertical Wire, length 2.159 mm
[endpoint_off_grid]: Symbol pin or wire end off connection grid
    ; warning
    @(81.788 mm, 155.702 mm): Symbol R? Pin 1 [Passive, Line]
[endpoint_off_grid]: Symbol pin or wire end off connection grid
    ; warning
    @(81.788 mm, 163.322 mm): Vertical Wire, length 7.62 mm
[endpoint_off_grid]: Symbol pin or wire end off connection grid
    ; warning
    @(81.788 mm, 170.942 mm): Symbol #PWR0804 Hidden pin 1 [GND, Power input, Line]
[endpoint_off_grid]: Symbol pin or wire end off connection grid
    ; warning
    @(88.138 mm, 151.892 mm): Symbol J802 Pin 1 [Pin_1, Passive, Line]
[endpoint_off_grid]: Symbol pin or wire end off connection grid
    ; warning
    @(91.313 mm, 74.93 mm): Horizontal Wire, length 4.699 mm
[footprint_link_issues]: Footprint 'Pin_D1.5mmx1mm' not found in library 'Connector_Pin'
    ; warning
    @(93.218 mm, 151.892 mm): Symbol J802 [Conn_01x01_Pin]
[endpoint_off_grid]: Symbol pin or wire end off connection grid
    ; warning
    @(96.012 mm, 74.93 mm): Vertical Wire, length 14.224 mm
[endpoint_off_grid]: Symbol pin or wire end off connection grid
    ; warning
    @(98.425 mm, 72.517 mm): Vertical Wire, length 2.413 mm
[endpoint_off_grid]: Symbol pin or wire end off connection grid
    ; warning
    @(98.425 mm, 74.93 mm): Horizontal Wire, length 2.413 mm
[endpoint_off_grid]: Symbol pin or wire end off connection grid
    ; warning
    @(102.489 mm, 77.597 mm): Horizontal Wire, length 4.699 mm
[endpoint_off_grid]: Symbol pin or wire end off connection grid
    ; warning
    @(102.489 mm, 93.345 mm): Vertical Wire, length 15.748 mm
[endpoint_off_grid]: Symbol pin or wire end off connection grid
    ; warning
    @(102.489 mm, 93.345 mm): Symbol R810 Pin 1 [Passive, Line]
[endpoint_off_grid]: Symbol pin or wire end off connection grid
    ; warning
    @(102.489 mm, 102.235 mm): Vertical Wire, length 1.27 mm
[endpoint_off_grid]: Symbol pin or wire end off connection grid
    ; warning
    @(102.489 mm, 103.759 mm): Symbol #PWR0810 Hidden pin 1 [GND, Power input, Line]
[endpoint_off_grid]: Symbol pin or wire end off connection grid
    ; warning
    @(102.489 mm, 103.759 mm): Vertical Wire, length 1.524 mm
[endpoint_off_grid]: Symbol pin or wire end off connection grid
    ; warning
    @(107.188 mm, 72.517 mm): Horizontal Wire, length 8.763 mm
[endpoint_off_grid]: Symbol pin or wire end off connection grid
    ; warning
    @(114.173 mm, 83.058 mm): Symbol RV801 Pin 1 [1, Passive, Line]
[lib_symbol_mismatch]: Symbol 'R_Potentiometer_Trim_US' doesn't match copy in library 'Device'
    ; warning
    @(114.173 mm, 86.868 mm): Symbol RV801 [R_Potentiometer_Trim_US]
[endpoint_off_grid]: Symbol pin or wire end off connection grid
    ; warning
    @(114.173 mm, 90.678 mm): Vertical Wire, length 11.557 mm
[endpoint_off_grid]: Symbol pin or wire end off connection grid
    ; warning
    @(114.173 mm, 102.235 mm): Horizontal Wire, length 11.684 mm
[endpoint_off_grid]: Symbol pin or wire end off connection grid
    ; warning
    @(117.983 mm, 86.868 mm): Horizontal Wire, length 5.715 mm
[endpoint_off_grid]: Symbol pin or wire end off connection grid
    ; warning
    @(122.428 mm, 75.057 mm): Symbol U801 Pin 1 [Output, Line]
[endpoint_off_grid]: Symbol pin or wire end off connection grid
    ; warning
    @(123.698 mm, 86.868 mm): Symbol R812 Pin 1 [Passive, Line]
[endpoint_off_grid]: Symbol pin or wire end off connection grid
    ; warning
    @(129.286 mm, 140.716 mm): Symbol #PWR0805 Hidden pin 1 [+3.3V, Power input, Line]
[endpoint_off_grid]: Symbol pin or wire end off connection grid
    ; warning
    @(129.286 mm, 141.986 mm): Vertical Wire, length 1.27 mm
[endpoint_off_grid]: Symbol pin or wire end off connection grid
    ; warning
    @(129.286 mm, 141.986 mm): Symbol R? Pin 1 [Passive, Line]
[endpoint_off_grid]: Symbol pin or wire end off connection grid
    ; warning
    @(129.286 mm, 149.606 mm): Vertical Wire, length 2.159 mm
[endpoint_off_grid]: Symbol pin or wire end off connection grid
    ; warning
    @(129.286 mm, 151.765 mm): Horizontal Wire, length 10.414 mm
[endpoint_off_grid]: Symbol pin or wire end off connection grid
    ; warning
    @(129.286 mm, 151.765 mm): Vertical Wire, length 2.921 mm
[endpoint_off_grid]: Symbol pin or wire end off connection grid
    ; warning
    @(129.286 mm, 154.686 mm): Symbol R? Pin 1 [Passive, Line]
[endpoint_off_grid]: Symbol pin or wire end off connection grid
    ; warning
    @(129.286 mm, 162.306 mm): Vertical Wire, length 7.62 mm
[endpoint_off_grid]: Symbol pin or wire end off connection grid
    ; warning
    @(129.286 mm, 169.926 mm): Symbol #PWR0806 Hidden pin 1 [GND, Power input, Line]
[endpoint_off_grid]: Symbol pin or wire end off connection grid
    ; warning
    @(131.318 mm, 86.868 mm): Horizontal Wire, length 4.826 mm
[endpoint_off_grid]: Symbol pin or wire end off connection grid
    ; warning
    @(136.144 mm, 75.057 mm): Horizontal Wire, length 13.716 mm
[endpoint_off_grid]: Symbol pin or wire end off connection grid
    ; warning
    @(136.144 mm, 75.057 mm): Horizontal Wire, length 6.858 mm
[endpoint_off_grid]: Symbol pin or wire end off connection grid
    ; warning
    @(136.144 mm, 86.868 mm): Vertical Wire, length 11.811 mm
[endpoint_off_grid]: Symbol pin or wire end off connection grid
    ; warning
    @(139.70 mm, 151.765 mm): Symbol J803 Pin 1 [Pin_1, Passive, Line]
[footprint_link_issues]: Footprint 'Pin_D1.5mmx1mm' not found in library 'Connector_Pin'
    ; warning
    @(144.78 mm, 151.765 mm): Symbol J803 [Conn_01x01_Pin]
[endpoint_off_grid]: Symbol pin or wire end off connection grid
    ; warning
    @(154.432 mm, 139.065 mm): Symbol #PWR0807 Hidden pin 1 [+3.3V, Power input, Line]
[endpoint_off_grid]: Symbol pin or wire end off connection grid
    ; warning
    @(154.432 mm, 140.335 mm): Vertical Wire, length 1.27 mm
[endpoint_off_grid]: Symbol pin or wire end off connection grid
    ; warning
    @(154.432 mm, 140.335 mm): Symbol R? Pin 1 [Passive, Line]
[endpoint_off_grid]: Symbol pin or wire end off connection grid
    ; warning
    @(154.432 mm, 147.955 mm): Vertical Wire, length 2.413 mm
[endpoint_off_grid]: Symbol pin or wire end off connection grid
    ; warning
    @(154.432 mm, 150.368 mm): Horizontal Wire, length 9.906 mm
[endpoint_off_grid]: Symbol pin or wire end off connection grid
    ; warning
    @(154.432 mm, 150.368 mm): Vertical Wire, length 2.667 mm
[endpoint_off_grid]: Symbol pin or wire end off connection grid
    ; warning
    @(154.432 mm, 153.035 mm): Symbol R? Pin 1 [Passive, Line]
[endpoint_off_grid]: Symbol pin or wire end off connection grid
    ; warning
    @(154.432 mm, 160.655 mm): Vertical Wire, length 7.62 mm
[endpoint_off_grid]: Symbol pin or wire end off connection grid
    ; warning
    @(154.432 mm, 168.275 mm): Symbol #PWR0808 Hidden pin 1 [GND, Power input, Line]
[endpoint_off_grid]: Symbol pin or wire end off connection grid
    ; warning
    @(164.338 mm, 150.368 mm): Symbol J804 Pin 1 [Pin_1, Passive, Line]
[footprint_link_issues]: Footprint 'Pin_D1.5mmx1mm' not found in library 'Connector_Pin'
    ; warning
    @(169.418 mm, 150.368 mm): Symbol J804 [Conn_01x01_Pin]
[endpoint_off_grid]: Symbol pin or wire end off connection grid
    ; warning
    @(196.088 mm, 51.943 mm): Vertical Wire, length 14.351 mm
[endpoint_off_grid]: Symbol pin or wire end off connection grid
    ; warning
    @(196.088 mm, 66.294 mm): Symbol RV802 Pin 1 [1, Passive, Line]
[lib_symbol_mismatch]: Symbol 'R_Potentiometer_Trim_US' doesn't match copy in library 'Device'
    ; warning
    @(196.088 mm, 70.104 mm): Symbol RV802 [R_Potentiometer_Trim_US]
[endpoint_off_grid]: Symbol pin or wire end off connection grid
    ; warning
    @(196.088 mm, 83.693 mm): Vertical Wire, length 9.779 mm
[endpoint_off_grid]: Symbol pin or wire end off connection grid
    ; warning
    @(196.088 mm, 91.313 mm): Vertical Wire, length 4.191 mm
[endpoint_off_grid]: Symbol pin or wire end off connection grid
    ; warning
    @(196.088 mm, 91.313 mm): Symbol R813 Pin 1 [Passive, Line]
[endpoint_off_grid]: Symbol pin or wire end off connection grid
    ; warning
    @(196.088 mm, 95.504 mm): Vertical Wire, length 4.699 mm
[endpoint_off_grid]: Symbol pin or wire end off connection grid
    ; warning
    @(196.088 mm, 107.823 mm): Symbol R814 Pin 1 [Passive, Line]
[endpoint_off_grid]: Symbol pin or wire end off connection grid
    ; warning
    @(196.088 mm, 111.379 mm): Vertical Wire, length 3.556 mm
[endpoint_off_grid]: Symbol pin or wire end off connection grid
    ; warning
    @(196.215 mm, 111.379 mm): Horizontal Wire, length 0.127 mm
[endpoint_off_grid]: Symbol pin or wire end off connection grid
    ; warning
    @(196.215 mm, 113.919 mm): Vertical Wire, length 2.54 mm
[endpoint_off_grid]: Symbol pin or wire end off connection grid
    ; warning
    @(196.215 mm, 113.919 mm): Symbol #PWR0811 Hidden pin 1 [GND, Power input, Line]
[endpoint_off_grid]: Symbol pin or wire end off connection grid
    ; warning
    @(202.565 mm, 51.943 mm): Symbol J805 Pin 1 [Pin_1, Passive, Line]
[endpoint_off_grid]: Symbol pin or wire end off connection grid
    ; warning
    @(202.565 mm, 51.943 mm): Horizontal Wire, length 6.477 mm
[endpoint_off_grid]: Symbol pin or wire end off connection grid
    ; warning
    @(205.359 mm, 70.104 mm): Horizontal Wire, length 5.461 mm
[endpoint_off_grid]: Symbol pin or wire end off connection grid
    ; warning
    @(205.359 mm, 70.104 mm): Symbol J806 Pin 1 [Pin_1, Passive, Line]
[footprint_link_issues]: Footprint 'Pin_D1.5mmx1mm' not found in library 'Connector_Pin'
    ; warning
    @(207.645 mm, 51.943 mm): Symbol J805 [Conn_01x01_Pin]
[footprint_link_issues]: Footprint 'Pin_D1.5mmx1mm' not found in library 'Connector_Pin'
    ; warning
    @(210.439 mm, 70.104 mm): Symbol J806 [Conn_01x01_Pin]
[endpoint_off_grid]: Symbol pin or wire end off connection grid
    ; warning
    @(213.36 mm, 95.504 mm): Horizontal Wire, length 17.272 mm
[endpoint_off_grid]: Symbol pin or wire end off connection grid
    ; warning
    @(213.36 mm, 101.981 mm): Vertical Wire, length 6.477 mm
[endpoint_off_grid]: Symbol pin or wire end off connection grid
    ; warning
    @(213.36 mm, 101.981 mm): Symbol D801 Pin 1 [K, Passive, Line]
[endpoint_off_grid]: Symbol pin or wire end off connection grid
    ; warning
    @(213.36 mm, 112.014 mm): Symbol #PWR0812 Hidden pin 1 [GND, Power input, Line]
[endpoint_off_grid]: Symbol pin or wire end off connection grid
    ; warning
    @(213.36 mm, 112.014 mm): Vertical Wire, length 4.953 mm
[endpoint_off_grid]: Symbol pin or wire end off connection grid
    ; warning
    @(232.283 mm, 59.944 mm): Symbol #PWR0814 Hidden pin 1 [+3.3V, Power input, Line]
[endpoint_off_grid]: Symbol pin or wire end off connection grid
    ; warning
    @(232.283 mm, 59.944 mm): Vertical Wire, length 1.905 mm
[endpoint_off_grid]: Symbol pin or wire end off connection grid
    ; warning
    @(232.283 mm, 77.089 mm): Symbol U801 Pin 4 [V-, Power input, Line]
[endpoint_off_grid]: Symbol pin or wire end off connection grid
    ; warning
    @(232.283 mm, 81.026 mm): Vertical Wire, length 3.937 mm
[endpoint_off_grid]: Symbol pin or wire end off connection grid
    ; warning
    @(232.283 mm, 81.026 mm): Symbol #PWR0813 Hidden pin 1 [GND, Power input, Line]

 ** ERC messages: 120  Errors 10  Warnings 110

 ** Ignored checks:
    - Global label only appears once in the schematic
    - Four connection points are joined together
    - SPICE model issue
    - Assigned footprint doesn't match footprint filters
