ERC report (2026-07-13T23:33:42, Encoding UTF8)
Report includes: Errors, Warnings

***** Sheet /
[power_pin_not_driven]: Input Power pin not driven by any Output Power pins
    ; error
    @(106.045 mm, 123.063 mm): Symbol #PWR0901 Hidden pin 1 [GND, Power input, Line]
[pin_not_connected]: Hierarchical label 'RD4' in root sheet cannot be connected to non-existent parent sheet
    ; error
    @(150.495 mm, 90.043 mm): Hierarchical Label 'RD4'
[pin_not_connected]: Hierarchical label 'RD5' in root sheet cannot be connected to non-existent parent sheet
    ; error
    @(150.495 mm, 92.583 mm): Hierarchical Label 'RD5'
[pin_not_connected]: Hierarchical label 'RD6' in root sheet cannot be connected to non-existent parent sheet
    ; error
    @(150.495 mm, 95.123 mm): Hierarchical Label 'RD6'
[pin_not_connected]: Hierarchical label 'RD7' in root sheet cannot be connected to non-existent parent sheet
    ; error
    @(150.495 mm, 97.663 mm): Hierarchical Label 'RD7'
[unresolved_variable]: Unresolved text variable
    ; error
    @(150.495 mm, 90.043 mm): Hierarchical Label 'RD4'
[unresolved_variable]: Unresolved text variable
    ; error
    @(150.495 mm, 92.583 mm): Hierarchical Label 'RD5'
[unresolved_variable]: Unresolved text variable
    ; error
    @(150.495 mm, 95.123 mm): Hierarchical Label 'RD6'
[unresolved_variable]: Unresolved text variable
    ; error
    @(150.495 mm, 97.663 mm): Hierarchical Label 'RD7'
[endpoint_off_grid]: Symbol pin or wire end off connection grid
    ; warning
    @(106.045 mm, 90.043 mm): Vertical Wire, length 10.16 mm
[endpoint_off_grid]: Symbol pin or wire end off connection grid
    ; warning
    @(106.045 mm, 107.823 mm): Symbol R? Pin 1 [Passive, Line]
[lib_symbol_mismatch]: Symbol 'LED' doesn't match copy in library 'Device'
    ; warning
    @(106.045 mm, 111.633 mm): Symbol D901 [LED]
[endpoint_off_grid]: Symbol pin or wire end off connection grid
    ; warning
    @(106.045 mm, 115.443 mm): Vertical Wire, length 7.62 mm
[endpoint_off_grid]: Symbol pin or wire end off connection grid
    ; warning
    @(106.045 mm, 115.443 mm): Symbol D901 Pin 1 [K, Passive, Line]
[endpoint_off_grid]: Symbol pin or wire end off connection grid
    ; warning
    @(106.045 mm, 123.063 mm): Symbol #PWR0901 Hidden pin 1 [GND, Power input, Line]
[endpoint_off_grid]: Symbol pin or wire end off connection grid
    ; warning
    @(121.285 mm, 92.583 mm): Vertical Wire, length 7.62 mm
[endpoint_off_grid]: Symbol pin or wire end off connection grid
    ; warning
    @(121.285 mm, 107.823 mm): Symbol R? Pin 1 [Passive, Line]
[lib_symbol_mismatch]: Symbol 'LED' doesn't match copy in library 'Device'
    ; warning
    @(121.285 mm, 111.633 mm): Symbol D902 [LED]
[endpoint_off_grid]: Symbol pin or wire end off connection grid
    ; warning
    @(121.285 mm, 115.443 mm): Vertical Wire, length 7.62 mm
[endpoint_off_grid]: Symbol pin or wire end off connection grid
    ; warning
    @(121.285 mm, 115.443 mm): Symbol D902 Pin 1 [K, Passive, Line]
[endpoint_off_grid]: Symbol pin or wire end off connection grid
    ; warning
    @(121.285 mm, 123.063 mm): Symbol #PWR0902 Hidden pin 1 [GND, Power input, Line]
[endpoint_off_grid]: Symbol pin or wire end off connection grid
    ; warning
    @(135.255 mm, 95.123 mm): Vertical Wire, length 5.08 mm
[endpoint_off_grid]: Symbol pin or wire end off connection grid
    ; warning
    @(135.255 mm, 107.823 mm): Symbol R? Pin 1 [Passive, Line]
[lib_symbol_mismatch]: Symbol 'LED' doesn't match copy in library 'Device'
    ; warning
    @(135.255 mm, 111.633 mm): Symbol D903 [LED]
[endpoint_off_grid]: Symbol pin or wire end off connection grid
    ; warning
    @(135.255 mm, 115.443 mm): Vertical Wire, length 7.62 mm
[endpoint_off_grid]: Symbol pin or wire end off connection grid
    ; warning
    @(135.255 mm, 115.443 mm): Symbol D903 Pin 1 [K, Passive, Line]
[endpoint_off_grid]: Symbol pin or wire end off connection grid
    ; warning
    @(135.255 mm, 123.063 mm): Symbol #PWR0903 Hidden pin 1 [GND, Power input, Line]
[endpoint_off_grid]: Symbol pin or wire end off connection grid
    ; warning
    @(149.225 mm, 97.663 mm): Vertical Wire, length 2.54 mm
[endpoint_off_grid]: Symbol pin or wire end off connection grid
    ; warning
    @(149.225 mm, 107.823 mm): Symbol R? Pin 1 [Passive, Line]
[lib_symbol_mismatch]: Symbol 'LED' doesn't match copy in library 'Device'
    ; warning
    @(149.225 mm, 111.633 mm): Symbol D904 [LED]
[endpoint_off_grid]: Symbol pin or wire end off connection grid
    ; warning
    @(149.225 mm, 115.443 mm): Symbol D904 Pin 1 [K, Passive, Line]
[endpoint_off_grid]: Symbol pin or wire end off connection grid
    ; warning
    @(149.225 mm, 115.443 mm): Vertical Wire, length 7.62 mm
[endpoint_off_grid]: Symbol pin or wire end off connection grid
    ; warning
    @(149.225 mm, 123.063 mm): Symbol #PWR0904 Hidden pin 1 [GND, Power input, Line]
[endpoint_off_grid]: Symbol pin or wire end off connection grid
    ; warning
    @(150.495 mm, 90.043 mm): Horizontal Wire, length 44.45 mm
[isolated_pin_label]: Label connected to only one pin
    ; warning
    @(150.495 mm, 90.043 mm): Hierarchical Label 'RD4'
[endpoint_off_grid]: Symbol pin or wire end off connection grid
    ; warning
    @(150.495 mm, 92.583 mm): Horizontal Wire, length 29.21 mm
[isolated_pin_label]: Label connected to only one pin
    ; warning
    @(150.495 mm, 92.583 mm): Hierarchical Label 'RD5'
[endpoint_off_grid]: Symbol pin or wire end off connection grid
    ; warning
    @(150.495 mm, 95.123 mm): Horizontal Wire, length 15.24 mm
[isolated_pin_label]: Label connected to only one pin
    ; warning
    @(150.495 mm, 95.123 mm): Hierarchical Label 'RD6'
[endpoint_off_grid]: Symbol pin or wire end off connection grid
    ; warning
    @(150.495 mm, 97.663 mm): Horizontal Wire, length 1.27 mm
[isolated_pin_label]: Label connected to only one pin
    ; warning
    @(150.495 mm, 97.663 mm): Hierarchical Label 'RD7'

 ** ERC messages: 41  Errors 9  Warnings 32

 ** Ignored checks:
    - Global label only appears once in the schematic
    - Four connection points are joined together
    - SPICE model issue
    - Assigned footprint doesn't match footprint filters
