ERC report (2026-07-14T00:03:47, Encoding UTF8)
Report includes: Errors, Warnings

***** Sheet /
[pin_not_connected]: Hierarchical label 'D8' in root sheet cannot be connected to non-existent parent sheet
    ; error
    @(125.578 mm, 75.743 mm): Hierarchical Label 'D8'
[pin_not_connected]: Hierarchical label 'D7' in root sheet cannot be connected to non-existent parent sheet
    ; error
    @(125.578 mm, 78.283 mm): Hierarchical Label 'D7'
[pin_not_connected]: Hierarchical label 'D6' in root sheet cannot be connected to non-existent parent sheet
    ; error
    @(125.578 mm, 80.823 mm): Hierarchical Label 'D6'
[pin_not_connected]: Hierarchical label 'D5' in root sheet cannot be connected to non-existent parent sheet
    ; error
    @(125.578 mm, 83.363 mm): Hierarchical Label 'D5'
[pin_not_connected]: Hierarchical label 'D4' in root sheet cannot be connected to non-existent parent sheet
    ; error
    @(125.578 mm, 85.903 mm): Hierarchical Label 'D4'
[pin_not_connected]: Hierarchical label 'D3' in root sheet cannot be connected to non-existent parent sheet
    ; error
    @(125.578 mm, 88.443 mm): Hierarchical Label 'D3'
[pin_not_connected]: Hierarchical label 'D2' in root sheet cannot be connected to non-existent parent sheet
    ; error
    @(125.578 mm, 90.983 mm): Hierarchical Label 'D2'
[pin_not_connected]: Hierarchical label 'D1' in root sheet cannot be connected to non-existent parent sheet
    ; error
    @(125.578 mm, 93.523 mm): Hierarchical Label 'D1'
[pin_not_connected]: Hierarchical label 'Trigger Input (T1)' in root sheet cannot be connected to non-existent parent sheet
    ; error
    @(125.578 mm, 96.063 mm): Hierarchical Label 'Trigger Input (T1)'
[pin_not_connected]: Hierarchical label 'GND' in root sheet cannot be connected to non-existent parent sheet
    ; error
    @(125.578 mm, 98.603 mm): Hierarchical Label 'GND'
[pin_not_connected]: Hierarchical label 'AWG1 (W1)' in root sheet cannot be connected to non-existent parent sheet
    ; error
    @(125.578 mm, 101.143 mm): Hierarchical Label 'AWG1 (W1)'
[pin_not_connected]: Hierarchical label 'DC Output 1 (V1)' in root sheet cannot be connected to non-existent parent sheet
    ; error
    @(125.578 mm, 103.683 mm): Hierarchical Label 'DC Output 1 (V1)'
[pin_not_connected]: Hierarchical label 'GND' in root sheet cannot be connected to non-existent parent sheet
    ; error
    @(125.578 mm, 106.223 mm): Hierarchical Label 'GND'
[pin_not_connected]: Hierarchical label 'AI2+/OSC12(1+)' in root sheet cannot be connected to non-existent parent sheet
    ; error
    @(125.578 mm, 108.763 mm): Hierarchical Label 'AI2+/OSC12(1+)'
[pin_not_connected]: Hierarchical label 'AI1+/OSC1 (1+)' in root sheet cannot be connected to non-existent parent sheet
    ; error
    @(125.578 mm, 111.303 mm): Hierarchical Label 'AI1+/OSC1 (1+)'
[pin_not_connected]: Hierarchical label 'UART_RX/PWM2 (P5)' in root sheet cannot be connected to non-existent parent sheet
    ; error
    @(156.058 mm, 75.743 mm): Hierarchical Label 'UART_RX/PWM2 (P5)'
[pin_not_connected]: Hierarchical label 'SPI_CS/UART_RTS/PWM1 (P4)' in root sheet cannot be connected to non-existent parent sheet
    ; error
    @(156.058 mm, 78.283 mm): Hierarchical Label 'SPI_CS/UART_RTS/PWM1 (P4)'
[pin_not_connected]: Hierarchical label 'SPI_CLK/UART_CTS (P3)' in root sheet cannot be connected to non-existent parent sheet
    ; error
    @(156.058 mm, 80.823 mm): Hierarchical Label 'SPI_CLK/UART_CTS (P3)'
[pin_not_connected]: Hierarchical label 'SDI/SDO/UART_TX (P2)' in root sheet cannot be connected to non-existent parent sheet
    ; error
    @(156.058 mm, 83.363 mm): Hierarchical Label 'SDI/SDO/UART_TX (P2)'
[pin_not_connected]: Hierarchical label 'SDI/SDO (P1)' in root sheet cannot be connected to non-existent parent sheet
    ; error
    @(156.058 mm, 85.903 mm): Hierarchical Label 'SDI/SDO (P1)'
[pin_not_connected]: Hierarchical label 'INT/CLK2 (C2)' in root sheet cannot be connected to non-existent parent sheet
    ; error
    @(156.058 mm, 88.443 mm): Hierarchical Label 'INT/CLK2 (C2)'
[pin_not_connected]: Hierarchical label 'DO10 (10)' in root sheet cannot be connected to non-existent parent sheet
    ; error
    @(156.058 mm, 90.983 mm): Hierarchical Label 'DO10 (10)'
[pin_not_connected]: Hierarchical label 'DO9 (9)' in root sheet cannot be connected to non-existent parent sheet
    ; error
    @(156.058 mm, 93.523 mm): Hierarchical Label 'DO9 (9)'
[pin_not_connected]: Hierarchical label 'GND' in root sheet cannot be connected to non-existent parent sheet
    ; error
    @(156.058 mm, 98.603 mm): Hierarchical Label 'GND'
[pin_not_connected]: Hierarchical label 'GND' in root sheet cannot be connected to non-existent parent sheet
    ; error
    @(156.058 mm, 106.223 mm): Hierarchical Label 'GND'
[pin_not_connected]: Hierarchical label 'GND/AI2' in root sheet cannot be connected to non-existent parent sheet
    ; error
    @(156.058 mm, 108.763 mm): Hierarchical Label 'GND/AI2'
[pin_not_connected]: Hierarchical label 'GND/AI1' in root sheet cannot be connected to non-existent parent sheet
    ; error
    @(156.058 mm, 111.303 mm): Hierarchical Label 'GND/AI1'
[endpoint_off_grid]: Symbol pin or wire end off connection grid
    ; warning
    @(125.578 mm, 75.743 mm): Horizontal Wire, length 17.78 mm
[isolated_pin_label]: Label connected to only one pin
    ; warning
    @(125.578 mm, 75.743 mm): Hierarchical Label 'D8'
[isolated_pin_label]: Label connected to only one pin
    ; warning
    @(125.578 mm, 75.743 mm): Label 'D8'
[endpoint_off_grid]: Symbol pin or wire end off connection grid
    ; warning
    @(125.578 mm, 78.283 mm): Horizontal Wire, length 17.78 mm
[isolated_pin_label]: Label connected to only one pin
    ; warning
    @(125.578 mm, 78.283 mm): Hierarchical Label 'D7'
[isolated_pin_label]: Label connected to only one pin
    ; warning
    @(125.578 mm, 78.283 mm): Label 'D7'
[endpoint_off_grid]: Symbol pin or wire end off connection grid
    ; warning
    @(125.578 mm, 80.823 mm): Horizontal Wire, length 17.78 mm
[isolated_pin_label]: Label connected to only one pin
    ; warning
    @(125.578 mm, 80.823 mm): Label 'D6'
[isolated_pin_label]: Label connected to only one pin
    ; warning
    @(125.578 mm, 80.823 mm): Hierarchical Label 'D6'
[endpoint_off_grid]: Symbol pin or wire end off connection grid
    ; warning
    @(125.578 mm, 83.363 mm): Horizontal Wire, length 17.78 mm
[isolated_pin_label]: Label connected to only one pin
    ; warning
    @(125.578 mm, 83.363 mm): Label 'D5'
[isolated_pin_label]: Label connected to only one pin
    ; warning
    @(125.578 mm, 83.363 mm): Hierarchical Label 'D5'
[endpoint_off_grid]: Symbol pin or wire end off connection grid
    ; warning
    @(125.578 mm, 85.903 mm): Horizontal Wire, length 17.78 mm
[isolated_pin_label]: Label connected to only one pin
    ; warning
    @(125.578 mm, 85.903 mm): Label 'D4'
[isolated_pin_label]: Label connected to only one pin
    ; warning
    @(125.578 mm, 85.903 mm): Hierarchical Label 'D4'
[endpoint_off_grid]: Symbol pin or wire end off connection grid
    ; warning
    @(125.578 mm, 88.443 mm): Horizontal Wire, length 17.78 mm
[isolated_pin_label]: Label connected to only one pin
    ; warning
    @(125.578 mm, 88.443 mm): Hierarchical Label 'D3'
[isolated_pin_label]: Label connected to only one pin
    ; warning
    @(125.578 mm, 88.443 mm): Label 'D3'
[endpoint_off_grid]: Symbol pin or wire end off connection grid
    ; warning
    @(125.578 mm, 90.983 mm): Horizontal Wire, length 17.78 mm
[isolated_pin_label]: Label connected to only one pin
    ; warning
    @(125.578 mm, 90.983 mm): Label 'D2'
[isolated_pin_label]: Label connected to only one pin
    ; warning
    @(125.578 mm, 90.983 mm): Hierarchical Label 'D2'
[endpoint_off_grid]: Symbol pin or wire end off connection grid
    ; warning
    @(125.578 mm, 93.523 mm): Horizontal Wire, length 17.78 mm
[isolated_pin_label]: Label connected to only one pin
    ; warning
    @(125.578 mm, 93.523 mm): Hierarchical Label 'D1'
[isolated_pin_label]: Label connected to only one pin
    ; warning
    @(125.578 mm, 93.523 mm): Label 'D1'
[endpoint_off_grid]: Symbol pin or wire end off connection grid
    ; warning
    @(125.578 mm, 96.063 mm): Horizontal Wire, length 17.78 mm
[isolated_pin_label]: Label connected to only one pin
    ; warning
    @(125.578 mm, 96.063 mm): Hierarchical Label 'Trigger Input (T1)'
[isolated_pin_label]: Label connected to only one pin
    ; warning
    @(125.578 mm, 96.063 mm): Label 'Trigger Input (T1)'
[endpoint_off_grid]: Symbol pin or wire end off connection grid
    ; warning
    @(125.578 mm, 98.603 mm): Horizontal Wire, length 17.78 mm
[endpoint_off_grid]: Symbol pin or wire end off connection grid
    ; warning
    @(125.578 mm, 101.143 mm): Horizontal Wire, length 17.78 mm
[isolated_pin_label]: Label connected to only one pin
    ; warning
    @(125.578 mm, 101.143 mm): Hierarchical Label 'AWG1 (W1)'
[isolated_pin_label]: Label connected to only one pin
    ; warning
    @(125.578 mm, 101.143 mm): Label 'AWG1 (W1)'
[endpoint_off_grid]: Symbol pin or wire end off connection grid
    ; warning
    @(125.578 mm, 103.683 mm): Horizontal Wire, length 17.78 mm
[isolated_pin_label]: Label connected to only one pin
    ; warning
    @(125.578 mm, 103.683 mm): Hierarchical Label 'DC Output 1 (V1)'
[isolated_pin_label]: Label connected to only one pin
    ; warning
    @(125.578 mm, 103.683 mm): Label 'DC Output 1 (V1)'
[endpoint_off_grid]: Symbol pin or wire end off connection grid
    ; warning
    @(125.578 mm, 106.223 mm): Horizontal Wire, length 17.78 mm
[endpoint_off_grid]: Symbol pin or wire end off connection grid
    ; warning
    @(125.578 mm, 108.763 mm): Horizontal Wire, length 17.78 mm
[isolated_pin_label]: Label connected to only one pin
    ; warning
    @(125.578 mm, 108.763 mm): Hierarchical Label 'AI2+/OSC12(1+)'
[isolated_pin_label]: Label connected to only one pin
    ; warning
    @(125.578 mm, 108.763 mm): Label 'AI2+/OSC12(1+)'
[endpoint_off_grid]: Symbol pin or wire end off connection grid
    ; warning
    @(125.578 mm, 111.303 mm): Horizontal Wire, length 17.78 mm
[isolated_pin_label]: Label connected to only one pin
    ; warning
    @(125.578 mm, 111.303 mm): Hierarchical Label 'AI1+/OSC1 (1+)'
[isolated_pin_label]: Label connected to only one pin
    ; warning
    @(125.578 mm, 111.303 mm): Label 'AI1+/OSC1 (1+)'
[endpoint_off_grid]: Symbol pin or wire end off connection grid
    ; warning
    @(143.358 mm, 75.743 mm): Symbol J1 Pin 1 [Pin_1, Passive, Line]
[footprint_link_issues]: Footprint 'PinHeader_2x15_P2.54mm_Vertical_edge_mount_smd' not found in library 'Connector_PinHeader_2.54mm'
    ; warning
    @(148.438 mm, 93.523 mm): Symbol J1 [Conn_02x15_Odd_Even]
[isolated_pin_label]: Label connected to only one pin
    ; warning
    @(156.058 mm, 75.743 mm): Hierarchical Label 'UART_RX/PWM2 (P5)'
[isolated_pin_label]: Label connected to only one pin
    ; warning
    @(156.058 mm, 75.743 mm): Label 'UART_RX/PWM2 (P5)'
[isolated_pin_label]: Label connected to only one pin
    ; warning
    @(156.058 mm, 78.283 mm): Hierarchical Label 'SPI_CS/UART_RTS/PWM1 (P4)'
[isolated_pin_label]: Label connected to only one pin
    ; warning
    @(156.058 mm, 78.283 mm): Label 'SPI_CS/UART_RTS/PWM1 (P4)'
[isolated_pin_label]: Label connected to only one pin
    ; warning
    @(156.058 mm, 80.823 mm): Hierarchical Label 'SPI_CLK/UART_CTS (P3)'
[isolated_pin_label]: Label connected to only one pin
    ; warning
    @(156.058 mm, 80.823 mm): Label 'SPI_CLK/UART_CTS (P3) '
[multiple_net_names]: Both SPI_CLK{slash}UART_CTS (P3)  and SPI_CLK{slash}UART_CTS (P3) are attached to the same items; SPI_CLK{slash}UART_CTS (P3)  will be used in the netlist
    ; warning
    @(156.058 mm, 80.823 mm): Label 'SPI_CLK/UART_CTS (P3) '
    @(156.058 mm, 80.823 mm): Hierarchical Label 'SPI_CLK/UART_CTS (P3)'
[isolated_pin_label]: Label connected to only one pin
    ; warning
    @(156.058 mm, 83.363 mm): Label 'SDI/SDO/UART_TX (P2) '
[isolated_pin_label]: Label connected to only one pin
    ; warning
    @(156.058 mm, 83.363 mm): Hierarchical Label 'SDI/SDO/UART_TX (P2)'
[multiple_net_names]: Both SDI{slash}SDO{slash}UART_TX (P2)  and SDI{slash}SDO{slash}UART_TX (P2) are attached to the same items; SDI{slash}SDO{slash}UART_TX (P2)  will be used in the netlist
    ; warning
    @(156.058 mm, 83.363 mm): Label 'SDI/SDO/UART_TX (P2) '
    @(156.058 mm, 83.363 mm): Hierarchical Label 'SDI/SDO/UART_TX (P2)'
[isolated_pin_label]: Label connected to only one pin
    ; warning
    @(156.058 mm, 85.903 mm): Label 'SDI/SDO (P1) '
[isolated_pin_label]: Label connected to only one pin
    ; warning
    @(156.058 mm, 85.903 mm): Hierarchical Label 'SDI/SDO (P1)'
[multiple_net_names]: Both SDI{slash}SDO (P1)  and SDI{slash}SDO (P1) are attached to the same items; SDI{slash}SDO (P1)  will be used in the netlist
    ; warning
    @(156.058 mm, 85.903 mm): Label 'SDI/SDO (P1) '
    @(156.058 mm, 85.903 mm): Hierarchical Label 'SDI/SDO (P1)'
[isolated_pin_label]: Label connected to only one pin
    ; warning
    @(156.058 mm, 88.443 mm): Label 'INT/CLK2 (C2) '
[isolated_pin_label]: Label connected to only one pin
    ; warning
    @(156.058 mm, 88.443 mm): Hierarchical Label 'INT/CLK2 (C2)'
[multiple_net_names]: Both INT{slash}CLK2 (C2)  and INT{slash}CLK2 (C2) are attached to the same items; INT{slash}CLK2 (C2)  will be used in the netlist
    ; warning
    @(156.058 mm, 88.443 mm): Label 'INT/CLK2 (C2) '
    @(156.058 mm, 88.443 mm): Hierarchical Label 'INT/CLK2 (C2)'
[isolated_pin_label]: Label connected to only one pin
    ; warning
    @(156.058 mm, 90.983 mm): Label 'DO10 (10) '
[isolated_pin_label]: Label connected to only one pin
    ; warning
    @(156.058 mm, 90.983 mm): Hierarchical Label 'DO10 (10)'
[multiple_net_names]: Both DO10 (10)  and DO10 (10) are attached to the same items; DO10 (10)  will be used in the netlist
    ; warning
    @(156.058 mm, 90.983 mm): Label 'DO10 (10) '
    @(156.058 mm, 90.983 mm): Hierarchical Label 'DO10 (10)'
[isolated_pin_label]: Label connected to only one pin
    ; warning
    @(156.058 mm, 93.523 mm): Label 'DO9 (9) '
[isolated_pin_label]: Label connected to only one pin
    ; warning
    @(156.058 mm, 93.523 mm): Hierarchical Label 'DO9 (9)'
[multiple_net_names]: Both DO9 (9)  and DO9 (9) are attached to the same items; DO9 (9)  will be used in the netlist
    ; warning
    @(156.058 mm, 93.523 mm): Label 'DO9 (9) '
    @(156.058 mm, 93.523 mm): Hierarchical Label 'DO9 (9)'
[isolated_pin_label]: Label connected to only one pin
    ; warning
    @(156.058 mm, 96.063 mm): Hierarchical Label 'Trigger Output (T0)'
[isolated_pin_label]: Label connected to only one pin
    ; warning
    @(156.058 mm, 96.063 mm): Label 'Trigger Output (T0) '
[multiple_net_names]: Both Trigger Output (T0)  and Trigger Output (T0) are attached to the same items; Trigger Output (T0)  will be used in the netlist
    ; warning
    @(156.058 mm, 96.063 mm): Label 'Trigger Output (T0) '
    @(156.058 mm, 96.063 mm): Hierarchical Label 'Trigger Output (T0)'
[isolated_pin_label]: Label connected to only one pin
    ; warning
    @(156.058 mm, 101.143 mm): Label 'INT/CLK1 (C1) '
[isolated_pin_label]: Label connected to only one pin
    ; warning
    @(156.058 mm, 101.143 mm): Hierarchical Label 'INT/CLK1 (C1)'
[multiple_net_names]: Both INT{slash}CLK1 (C1)  and INT{slash}CLK1 (C1) are attached to the same items; INT{slash}CLK1 (C1)  will be used in the netlist
    ; warning
    @(156.058 mm, 101.143 mm): Label 'INT/CLK1 (C1) '
    @(156.058 mm, 101.143 mm): Hierarchical Label 'INT/CLK1 (C1)'
[isolated_pin_label]: Label connected to only one pin
    ; warning
    @(156.058 mm, 103.683 mm): Hierarchical Label 'DC Output 2 (V2)'
[isolated_pin_label]: Label connected to only one pin
    ; warning
    @(156.058 mm, 103.683 mm): Label 'DC Output 2 (V2) '
[multiple_net_names]: Both DC Output 2 (V2)  and DC Output 2 (V2) are attached to the same items; DC Output 2 (V2)  will be used in the netlist
    ; warning
    @(156.058 mm, 103.683 mm): Label 'DC Output 2 (V2) '
    @(156.058 mm, 103.683 mm): Hierarchical Label 'DC Output 2 (V2)'
[isolated_pin_label]: Label connected to only one pin
    ; warning
    @(156.058 mm, 108.763 mm): Label 'GND/AI2'
[isolated_pin_label]: Label connected to only one pin
    ; warning
    @(156.058 mm, 108.763 mm): Hierarchical Label 'GND/AI2'
[isolated_pin_label]: Label connected to only one pin
    ; warning
    @(156.058 mm, 111.303 mm): Label 'GND/AI1'
[isolated_pin_label]: Label connected to only one pin
    ; warning
    @(156.058 mm, 111.303 mm): Hierarchical Label 'GND/AI1'

 ** ERC messages: 105  Errors 27  Warnings 78

 ** Ignored checks:
    - Global label only appears once in the schematic
    - Four connection points are joined together
    - SPICE model issue
    - Assigned footprint doesn't match footprint filters
