ERC report (2026-07-14T00:10:23, Encoding UTF8)
Report includes: Errors, Warnings

***** Sheet /
[power_pin_not_driven]: Input Power pin not driven by any Output Power pins
    ; error
    @(55.88 mm, 95.25 mm): Symbol #PWR011 Hidden pin 1 [GND, Power input, Line]
[unresolved_variable]: Unresolved text variable
    ; error
    @(81.915 mm, 123.19 mm): Hierarchical Label 'rg2_d+'
[unresolved_variable]: Unresolved text variable
    ; error
    @(81.915 mm, 125.73 mm): Hierarchical Label 'rg3_d-'
[unresolved_variable]: Unresolved text variable
    ; error
    @(80.645 mm, 77.47 mm): Hierarchical Label 'OSC1'
[unresolved_variable]: Unresolved text variable
    ; error
    @(80.645 mm, 85.09 mm): Hierarchical Label 'OSC2'
[pin_not_connected]: Hierarchical label 'OSC1' in root sheet cannot be connected to non-existent parent sheet
    ; error
    @(80.645 mm, 77.47 mm): Hierarchical Label 'OSC1'
[pin_not_connected]: Hierarchical label 'OSC2' in root sheet cannot be connected to non-existent parent sheet
    ; error
    @(80.645 mm, 85.09 mm): Hierarchical Label 'OSC2'
[label_dangling]: Label not connected
    ; error
    @(80.772 mm, 151.003 mm): Hierarchical Label 'VBUS'
[pin_not_connected]: Hierarchical label 'VBUS' in root sheet cannot be connected to non-existent parent sheet
    ; error
    @(80.772 mm, 151.003 mm): Hierarchical Label 'VBUS'
[unresolved_variable]: Unresolved text variable
    ; error
    @(90.805 mm, 39.37 mm): Hierarchical Label 'VREF-'
[unresolved_variable]: Unresolved text variable
    ; error
    @(90.805 mm, 41.91 mm): Hierarchical Label 'VREF+'
[pin_not_connected]: Hierarchical label 'rg2_d+' in root sheet cannot be connected to non-existent parent sheet
    ; error
    @(81.915 mm, 123.19 mm): Hierarchical Label 'rg2_d+'
[pin_not_connected]: Hierarchical label 'rg3_d-' in root sheet cannot be connected to non-existent parent sheet
    ; error
    @(81.915 mm, 125.73 mm): Hierarchical Label 'rg3_d-'
[unresolved_variable]: Unresolved text variable
    ; error
    @(90.805 mm, 62.23 mm): Hierarchical Label 'RA15'
[unresolved_variable]: Unresolved text variable
    ; error
    @(90.805 mm, 138.43 mm): Hierarchical Label 'RG12'
[unresolved_variable]: Unresolved text variable
    ; error
    @(90.805 mm, 140.97 mm): Hierarchical Label 'RG13'
[unresolved_variable]: Unresolved text variable
    ; error
    @(90.805 mm, 143.51 mm): Hierarchical Label 'RG14'
[unresolved_variable]: Unresolved text variable
    ; error
    @(90.805 mm, 146.05 mm): Hierarchical Label 'RG15'
[unresolved_variable]: Unresolved text variable
    ; error
    @(90.805 mm, 80.01 mm): Hierarchical Label 'RC13'
[unresolved_variable]: Unresolved text variable
    ; error
    @(90.805 mm, 82.55 mm): Hierarchical Label 'RC14'
[unresolved_variable]: Unresolved text variable
    ; error
    @(90.805 mm, 67.31 mm): Hierarchical Label 'RC1'
[unresolved_variable]: Unresolved text variable
    ; error
    @(90.805 mm, 69.85 mm): Hierarchical Label 'RC2'
[unresolved_variable]: Unresolved text variable
    ; error
    @(90.805 mm, 72.39 mm): Hierarchical Label 'RC3'
[unresolved_variable]: Unresolved text variable
    ; error
    @(90.805 mm, 74.93 mm): Hierarchical Label 'RC4'
[unresolved_variable]: Unresolved text variable
    ; error
    @(90.805 mm, 90.17 mm): Hierarchical Label 'RE0'
[unresolved_variable]: Unresolved text variable
    ; error
    @(90.805 mm, 92.71 mm): Hierarchical Label 'RE1'
[unresolved_variable]: Unresolved text variable
    ; error
    @(90.805 mm, 95.25 mm): Hierarchical Label 'RE2'
[unresolved_variable]: Unresolved text variable
    ; error
    @(90.805 mm, 97.79 mm): Hierarchical Label 'RE3'
[unresolved_variable]: Unresolved text variable
    ; error
    @(90.805 mm, 100.33 mm): Hierarchical Label 'RE4'
[unresolved_variable]: Unresolved text variable
    ; error
    @(90.805 mm, 102.87 mm): Hierarchical Label 'RE5'
[unresolved_variable]: Unresolved text variable
    ; error
    @(90.805 mm, 34.29 mm): Hierarchical Label 'RA0'
[unresolved_variable]: Unresolved text variable
    ; error
    @(90.805 mm, 36.83 mm): Hierarchical Label 'RA1'
[unresolved_variable]: Unresolved text variable
    ; error
    @(90.805 mm, 44.45 mm): Hierarchical Label 'RA4'
[unresolved_variable]: Unresolved text variable
    ; error
    @(90.805 mm, 46.99 mm): Hierarchical Label 'RA5'
[unresolved_variable]: Unresolved text variable
    ; error
    @(90.805 mm, 49.53 mm): Hierarchical Label 'RA6'
[unresolved_variable]: Unresolved text variable
    ; error
    @(90.805 mm, 118.11 mm): Hierarchical Label 'RG0'
[unresolved_variable]: Unresolved text variable
    ; error
    @(90.805 mm, 120.65 mm): Hierarchical Label 'RG1'
[unresolved_variable]: Unresolved text variable
    ; error
    @(90.805 mm, 128.27 mm): Hierarchical Label 'RG6'
[unresolved_variable]: Unresolved text variable
    ; error
    @(90.805 mm, 130.81 mm): Hierarchical Label 'RG7'
[unresolved_variable]: Unresolved text variable
    ; error
    @(90.805 mm, 133.35 mm): Hierarchical Label 'RG8'
[unresolved_variable]: Unresolved text variable
    ; error
    @(90.805 mm, 135.89 mm): Hierarchical Label 'RG9'
[unresolved_variable]: Unresolved text variable
    ; error
    @(90.805 mm, 105.41 mm): Hierarchical Label 'RE6'
[unresolved_variable]: Unresolved text variable
    ; error
    @(90.805 mm, 107.95 mm): Hierarchical Label 'RE7'
[unresolved_variable]: Unresolved text variable
    ; error
    @(90.805 mm, 110.49 mm): Hierarchical Label 'RE8'
[unresolved_variable]: Unresolved text variable
    ; error
    @(90.805 mm, 113.03 mm): Hierarchical Label 'RE9'
[pin_not_connected]: Hierarchical label 'RA0' in root sheet cannot be connected to non-existent parent sheet
    ; error
    @(90.805 mm, 34.29 mm): Hierarchical Label 'RA0'
[pin_not_connected]: Hierarchical label 'RA1' in root sheet cannot be connected to non-existent parent sheet
    ; error
    @(90.805 mm, 36.83 mm): Hierarchical Label 'RA1'
[pin_not_connected]: Hierarchical label 'VREF-' in root sheet cannot be connected to non-existent parent sheet
    ; error
    @(90.805 mm, 39.37 mm): Hierarchical Label 'VREF-'
[pin_not_connected]: Hierarchical label 'VREF+' in root sheet cannot be connected to non-existent parent sheet
    ; error
    @(90.805 mm, 41.91 mm): Hierarchical Label 'VREF+'
[pin_not_connected]: Hierarchical label 'RA4' in root sheet cannot be connected to non-existent parent sheet
    ; error
    @(90.805 mm, 44.45 mm): Hierarchical Label 'RA4'
[pin_not_connected]: Hierarchical label 'RA5' in root sheet cannot be connected to non-existent parent sheet
    ; error
    @(90.805 mm, 46.99 mm): Hierarchical Label 'RA5'
[pin_not_connected]: Hierarchical label 'RA6' in root sheet cannot be connected to non-existent parent sheet
    ; error
    @(90.805 mm, 49.53 mm): Hierarchical Label 'RA6'
[pin_not_connected]: Hierarchical label 'RA7' in root sheet cannot be connected to non-existent parent sheet
    ; error
    @(90.805 mm, 52.07 mm): Hierarchical Label 'RA7'
[pin_not_connected]: Hierarchical label 'RA9' in root sheet cannot be connected to non-existent parent sheet
    ; error
    @(90.805 mm, 54.61 mm): Hierarchical Label 'RA9'
[pin_not_connected]: Hierarchical label 'RA10' in root sheet cannot be connected to non-existent parent sheet
    ; error
    @(90.805 mm, 57.15 mm): Hierarchical Label 'RA10'
[pin_not_connected]: Hierarchical label 'RA14' in root sheet cannot be connected to non-existent parent sheet
    ; error
    @(90.805 mm, 59.69 mm): Hierarchical Label 'RA14'
[pin_not_connected]: Hierarchical label 'RA15' in root sheet cannot be connected to non-existent parent sheet
    ; error
    @(90.805 mm, 62.23 mm): Hierarchical Label 'RA15'
[pin_not_connected]: Hierarchical label 'RC1' in root sheet cannot be connected to non-existent parent sheet
    ; error
    @(90.805 mm, 67.31 mm): Hierarchical Label 'RC1'
[pin_not_connected]: Hierarchical label 'RC2' in root sheet cannot be connected to non-existent parent sheet
    ; error
    @(90.805 mm, 69.85 mm): Hierarchical Label 'RC2'
[pin_not_connected]: Hierarchical label 'RC3' in root sheet cannot be connected to non-existent parent sheet
    ; error
    @(90.805 mm, 72.39 mm): Hierarchical Label 'RC3'
[pin_not_connected]: Hierarchical label 'RC4' in root sheet cannot be connected to non-existent parent sheet
    ; error
    @(90.805 mm, 74.93 mm): Hierarchical Label 'RC4'
[pin_not_connected]: Hierarchical label 'RC13' in root sheet cannot be connected to non-existent parent sheet
    ; error
    @(90.805 mm, 80.01 mm): Hierarchical Label 'RC13'
[pin_not_connected]: Hierarchical label 'RC14' in root sheet cannot be connected to non-existent parent sheet
    ; error
    @(90.805 mm, 82.55 mm): Hierarchical Label 'RC14'
[pin_not_connected]: Hierarchical label 'RE0' in root sheet cannot be connected to non-existent parent sheet
    ; error
    @(90.805 mm, 90.17 mm): Hierarchical Label 'RE0'
[pin_not_connected]: Hierarchical label 'RE1' in root sheet cannot be connected to non-existent parent sheet
    ; error
    @(90.805 mm, 92.71 mm): Hierarchical Label 'RE1'
[pin_not_connected]: Hierarchical label 'RE2' in root sheet cannot be connected to non-existent parent sheet
    ; error
    @(90.805 mm, 95.25 mm): Hierarchical Label 'RE2'
[pin_not_connected]: Hierarchical label 'RE3' in root sheet cannot be connected to non-existent parent sheet
    ; error
    @(90.805 mm, 97.79 mm): Hierarchical Label 'RE3'
[pin_not_connected]: Hierarchical label 'RE4' in root sheet cannot be connected to non-existent parent sheet
    ; error
    @(90.805 mm, 100.33 mm): Hierarchical Label 'RE4'
[pin_not_connected]: Hierarchical label 'RE5' in root sheet cannot be connected to non-existent parent sheet
    ; error
    @(90.805 mm, 102.87 mm): Hierarchical Label 'RE5'
[pin_not_connected]: Hierarchical label 'RE6' in root sheet cannot be connected to non-existent parent sheet
    ; error
    @(90.805 mm, 105.41 mm): Hierarchical Label 'RE6'
[pin_not_connected]: Hierarchical label 'RE7' in root sheet cannot be connected to non-existent parent sheet
    ; error
    @(90.805 mm, 107.95 mm): Hierarchical Label 'RE7'
[pin_not_connected]: Hierarchical label 'RE8' in root sheet cannot be connected to non-existent parent sheet
    ; error
    @(90.805 mm, 110.49 mm): Hierarchical Label 'RE8'
[pin_not_connected]: Hierarchical label 'RE9' in root sheet cannot be connected to non-existent parent sheet
    ; error
    @(90.805 mm, 113.03 mm): Hierarchical Label 'RE9'
[pin_not_connected]: Hierarchical label 'RG0' in root sheet cannot be connected to non-existent parent sheet
    ; error
    @(90.805 mm, 118.11 mm): Hierarchical Label 'RG0'
[pin_not_connected]: Hierarchical label 'RG1' in root sheet cannot be connected to non-existent parent sheet
    ; error
    @(90.805 mm, 120.65 mm): Hierarchical Label 'RG1'
[pin_not_connected]: Hierarchical label 'RG6' in root sheet cannot be connected to non-existent parent sheet
    ; error
    @(90.805 mm, 128.27 mm): Hierarchical Label 'RG6'
[pin_not_connected]: Hierarchical label 'RG7' in root sheet cannot be connected to non-existent parent sheet
    ; error
    @(90.805 mm, 130.81 mm): Hierarchical Label 'RG7'
[pin_not_connected]: Hierarchical label 'RG8' in root sheet cannot be connected to non-existent parent sheet
    ; error
    @(90.805 mm, 133.35 mm): Hierarchical Label 'RG8'
[pin_not_connected]: Hierarchical label 'RG9' in root sheet cannot be connected to non-existent parent sheet
    ; error
    @(90.805 mm, 135.89 mm): Hierarchical Label 'RG9'
[pin_not_connected]: Hierarchical label 'RG12' in root sheet cannot be connected to non-existent parent sheet
    ; error
    @(90.805 mm, 138.43 mm): Hierarchical Label 'RG12'
[pin_not_connected]: Hierarchical label 'RG13' in root sheet cannot be connected to non-existent parent sheet
    ; error
    @(90.805 mm, 140.97 mm): Hierarchical Label 'RG13'
[pin_not_connected]: Hierarchical label 'RG14' in root sheet cannot be connected to non-existent parent sheet
    ; error
    @(90.805 mm, 143.51 mm): Hierarchical Label 'RG14'
[pin_not_connected]: Hierarchical label 'RG15' in root sheet cannot be connected to non-existent parent sheet
    ; error
    @(90.805 mm, 146.05 mm): Hierarchical Label 'RG15'
[pin_not_connected]: Pin not connected
    ; error
    @(90.805 mm, 151.13 mm): Symbol U1101 Pin 54 [VBUS, Input, Line]
[pin_not_driven]: Input pin not driven by any Output pins
    ; error
    @(90.805 mm, 151.13 mm): Symbol U1101 Pin 54 [VBUS, Input, Line]
[pin_not_connected]: Pin not connected
    ; error
    @(118.745 mm, 158.75 mm): Symbol U1101 Pin 15 [VSS, Power input, Line]
[power_pin_not_driven]: Input Power pin not driven by any Output Power pins
    ; error
    @(118.745 mm, 158.75 mm): Symbol U1101 Pin 15 [VSS, Power input, Line]
[pin_not_connected]: Pin not connected
    ; error
    @(123.825 mm, 158.75 mm): Symbol U1101 Pin 31 [AVSS, Power input, Line]
[power_pin_not_driven]: Input Power pin not driven by any Output Power pins
    ; error
    @(123.825 mm, 158.75 mm): Symbol U1101 Pin 31 [AVSS, Power input, Line]
[pin_not_driven]: Input pin not driven by any Output pins
    ; error
    @(151.765 mm, 36.83 mm): Symbol U1101 Pin 13 [~{MCLR}, Input, Line]
[pin_not_connected]: Hierarchical label 'RB0' in root sheet cannot be connected to non-existent parent sheet
    ; error
    @(151.765 mm, 46.99 mm): Hierarchical Label 'RB0'
[pin_not_connected]: Hierarchical label 'AN8' in root sheet cannot be connected to non-existent parent sheet
    ; error
    @(151.765 mm, 49.53 mm): Hierarchical Label 'AN8'
[pin_not_connected]: Hierarchical label 'AN9' in root sheet cannot be connected to non-existent parent sheet
    ; error
    @(151.765 mm, 52.07 mm): Hierarchical Label 'AN9'
[pin_not_connected]: Hierarchical label 'AN10' in root sheet cannot be connected to non-existent parent sheet
    ; error
    @(151.765 mm, 54.61 mm): Hierarchical Label 'AN10'
[unresolved_variable]: Unresolved text variable
    ; error
    @(151.765 mm, 49.53 mm): Hierarchical Label 'AN8'
[unresolved_variable]: Unresolved text variable
    ; error
    @(151.765 mm, 52.07 mm): Hierarchical Label 'AN9'
[unresolved_variable]: Unresolved text variable
    ; error
    @(151.765 mm, 46.99 mm): Hierarchical Label 'RB0'
[unresolved_variable]: Unresolved text variable
    ; error
    @(151.765 mm, 54.61 mm): Hierarchical Label 'AN10'
[pin_not_connected]: Hierarchical label 'MCLR' in root sheet cannot be connected to non-existent parent sheet
    ; error
    @(189.865 mm, 36.83 mm): Hierarchical Label 'MCLR'
[pin_not_connected]: Hierarchical label 'PGD' in root sheet cannot be connected to non-existent parent sheet
    ; error
    @(189.865 mm, 41.91 mm): Hierarchical Label 'PGD'
[pin_not_connected]: Hierarchical label 'PGC' in root sheet cannot be connected to non-existent parent sheet
    ; error
    @(189.865 mm, 44.45 mm): Hierarchical Label 'PGC'
[pin_not_connected]: Hierarchical label 'RB6' in root sheet cannot be connected to non-existent parent sheet
    ; error
    @(189.865 mm, 57.15 mm): Hierarchical Label 'RB6'
[pin_not_connected]: Hierarchical label 'RB7' in root sheet cannot be connected to non-existent parent sheet
    ; error
    @(189.865 mm, 59.69 mm): Hierarchical Label 'RB7'
[pin_not_connected]: Hierarchical label 'RB8' in root sheet cannot be connected to non-existent parent sheet
    ; error
    @(189.865 mm, 62.23 mm): Hierarchical Label 'RB8'
[pin_not_connected]: Hierarchical label 'RB9' in root sheet cannot be connected to non-existent parent sheet
    ; error
    @(189.865 mm, 64.77 mm): Hierarchical Label 'RB9'
[pin_not_connected]: Hierarchical label 'RB10' in root sheet cannot be connected to non-existent parent sheet
    ; error
    @(189.865 mm, 67.31 mm): Hierarchical Label 'RB10'
[pin_not_connected]: Hierarchical label 'RB11' in root sheet cannot be connected to non-existent parent sheet
    ; error
    @(189.865 mm, 69.85 mm): Hierarchical Label 'RB11'
[pin_not_connected]: Hierarchical label 'RB13' in root sheet cannot be connected to non-existent parent sheet
    ; error
    @(189.865 mm, 74.93 mm): Hierarchical Label 'RB13'
[pin_not_connected]: Hierarchical label 'RB14' in root sheet cannot be connected to non-existent parent sheet
    ; error
    @(189.865 mm, 77.47 mm): Hierarchical Label 'RB14'
[pin_not_connected]: Hierarchical label 'RB15' in root sheet cannot be connected to non-existent parent sheet
    ; error
    @(189.865 mm, 80.01 mm): Hierarchical Label 'RB15'
[pin_not_connected]: Hierarchical label 'RD0' in root sheet cannot be connected to non-existent parent sheet
    ; error
    @(189.865 mm, 85.09 mm): Hierarchical Label 'RD0'
[pin_not_connected]: Hierarchical label 'RD1' in root sheet cannot be connected to non-existent parent sheet
    ; error
    @(189.865 mm, 87.63 mm): Hierarchical Label 'RD1'
[pin_not_connected]: Hierarchical label 'RD2' in root sheet cannot be connected to non-existent parent sheet
    ; error
    @(189.865 mm, 90.17 mm): Hierarchical Label 'RD2'
[pin_not_connected]: Hierarchical label 'RD3' in root sheet cannot be connected to non-existent parent sheet
    ; error
    @(189.865 mm, 92.71 mm): Hierarchical Label 'RD3'
[pin_not_connected]: Hierarchical label 'RD4' in root sheet cannot be connected to non-existent parent sheet
    ; error
    @(189.865 mm, 95.25 mm): Hierarchical Label 'RD4'
[pin_not_connected]: Hierarchical label 'RD5' in root sheet cannot be connected to non-existent parent sheet
    ; error
    @(189.865 mm, 97.79 mm): Hierarchical Label 'RD5'
[pin_not_connected]: Hierarchical label 'RD6' in root sheet cannot be connected to non-existent parent sheet
    ; error
    @(189.865 mm, 100.33 mm): Hierarchical Label 'RD6'
[pin_not_connected]: Hierarchical label 'RD7' in root sheet cannot be connected to non-existent parent sheet
    ; error
    @(189.865 mm, 102.87 mm): Hierarchical Label 'RD7'
[pin_not_connected]: Hierarchical label 'RD8' in root sheet cannot be connected to non-existent parent sheet
    ; error
    @(189.865 mm, 105.41 mm): Hierarchical Label 'RD8'
[pin_not_connected]: Hierarchical label 'RD9' in root sheet cannot be connected to non-existent parent sheet
    ; error
    @(189.865 mm, 107.95 mm): Hierarchical Label 'RD9'
[pin_not_connected]: Hierarchical label 'RD10' in root sheet cannot be connected to non-existent parent sheet
    ; error
    @(189.865 mm, 110.49 mm): Hierarchical Label 'RD10'
[pin_not_connected]: Hierarchical label 'RD11' in root sheet cannot be connected to non-existent parent sheet
    ; error
    @(189.865 mm, 113.03 mm): Hierarchical Label 'RD11'
[pin_not_connected]: Hierarchical label 'RD12' in root sheet cannot be connected to non-existent parent sheet
    ; error
    @(189.865 mm, 115.57 mm): Hierarchical Label 'RD12'
[pin_not_connected]: Hierarchical label 'RD13' in root sheet cannot be connected to non-existent parent sheet
    ; error
    @(189.865 mm, 118.11 mm): Hierarchical Label 'RD13'
[pin_not_connected]: Hierarchical label 'RD14' in root sheet cannot be connected to non-existent parent sheet
    ; error
    @(189.865 mm, 120.65 mm): Hierarchical Label 'RD14'
[pin_not_connected]: Hierarchical label 'RD15' in root sheet cannot be connected to non-existent parent sheet
    ; error
    @(189.865 mm, 123.19 mm): Hierarchical Label 'RD15'
[pin_not_connected]: Hierarchical label 'RF0' in root sheet cannot be connected to non-existent parent sheet
    ; error
    @(189.865 mm, 128.27 mm): Hierarchical Label 'RF0'
[pin_not_connected]: Hierarchical label 'RF1' in root sheet cannot be connected to non-existent parent sheet
    ; error
    @(189.865 mm, 130.81 mm): Hierarchical Label 'RF1'
[pin_not_connected]: Hierarchical label 'RF2' in root sheet cannot be connected to non-existent parent sheet
    ; error
    @(189.865 mm, 133.35 mm): Hierarchical Label 'RF2'
[pin_not_connected]: Hierarchical label 'RF3' in root sheet cannot be connected to non-existent parent sheet
    ; error
    @(189.865 mm, 135.89 mm): Hierarchical Label 'RF3'
[pin_not_connected]: Hierarchical label 'RF4' in root sheet cannot be connected to non-existent parent sheet
    ; error
    @(189.865 mm, 138.43 mm): Hierarchical Label 'RF4'
[pin_not_connected]: Hierarchical label 'RF5' in root sheet cannot be connected to non-existent parent sheet
    ; error
    @(189.865 mm, 140.97 mm): Hierarchical Label 'RF5'
[pin_not_connected]: Hierarchical label 'RF8' in root sheet cannot be connected to non-existent parent sheet
    ; error
    @(189.865 mm, 143.51 mm): Hierarchical Label 'RF8'
[pin_not_connected]: Hierarchical label 'RF12' in root sheet cannot be connected to non-existent parent sheet
    ; error
    @(189.865 mm, 146.05 mm): Hierarchical Label 'RF12'
[pin_not_connected]: Hierarchical label 'RF13' in root sheet cannot be connected to non-existent parent sheet
    ; error
    @(189.865 mm, 148.59 mm): Hierarchical Label 'RF13'
[unresolved_variable]: Unresolved text variable
    ; error
    @(189.865 mm, 57.15 mm): Hierarchical Label 'RB6'
[unresolved_variable]: Unresolved text variable
    ; error
    @(189.865 mm, 41.91 mm): Hierarchical Label 'PGD'
[unresolved_variable]: Unresolved text variable
    ; error
    @(189.865 mm, 44.45 mm): Hierarchical Label 'PGC'
[unresolved_variable]: Unresolved text variable
    ; error
    @(189.865 mm, 36.83 mm): Hierarchical Label 'MCLR'
[endpoint_off_grid]: Symbol pin or wire end off connection grid
    ; warning
    @(32.385 mm, 54.61 mm): Symbol C1101 Pin 1 [Passive, Line]
[endpoint_off_grid]: Symbol pin or wire end off connection grid
    ; warning
    @(32.385 mm, 54.61 mm): Horizontal Wire, length 5.08 mm
[endpoint_off_grid]: Symbol pin or wire end off connection grid
    ; warning
    @(32.385 mm, 62.23 mm): Horizontal Wire, length 11.43 mm
[endpoint_off_grid]: Symbol pin or wire end off connection grid
    ; warning
    @(32.385 mm, 68.58 mm): Symbol C1102 Pin 1 [Passive, Line]
[endpoint_off_grid]: Symbol pin or wire end off connection grid
    ; warning
    @(32.385 mm, 68.58 mm): Symbol #PWR01101 Hidden pin 1 [+3.3V, Power input, Line]
[endpoint_off_grid]: Symbol pin or wire end off connection grid
    ; warning
    @(32.385 mm, 68.58 mm): Horizontal Wire, length 13.335 mm
[endpoint_off_grid]: Symbol pin or wire end off connection grid
    ; warning
    @(32.385 mm, 76.20 mm): Horizontal Wire, length 13.335 mm
[endpoint_off_grid]: Symbol pin or wire end off connection grid
    ; warning
    @(37.465 mm, 54.61 mm): Horizontal Wire, length 6.35 mm
[endpoint_off_grid]: Symbol pin or wire end off connection grid
    ; warning
    @(37.465 mm, 54.61 mm): Symbol #PWR01103 Hidden pin 1 [+3.3V, Power input, Line]
[endpoint_off_grid]: Symbol pin or wire end off connection grid
    ; warning
    @(43.815 mm, 54.61 mm): Horizontal Wire, length 11.43 mm
[endpoint_off_grid]: Symbol pin or wire end off connection grid
    ; warning
    @(43.815 mm, 54.61 mm): Symbol C1104 Pin 1 [Passive, Line]
[endpoint_off_grid]: Symbol pin or wire end off connection grid
    ; warning
    @(43.815 mm, 62.23 mm): Horizontal Wire, length 11.43 mm
[endpoint_off_grid]: Symbol pin or wire end off connection grid
    ; warning
    @(55.245 mm, 54.61 mm): Symbol C1107 Pin 1 [Passive, Line]
[endpoint_off_grid]: Symbol pin or wire end off connection grid
    ; warning
    @(55.245 mm, 62.23 mm): Symbol #PWR013 Hidden pin 1 [GND, Power input, Line]
[endpoint_off_grid]: Symbol pin or wire end off connection grid
    ; warning
    @(57.15 mm, 76.20 mm): Horizontal Wire, length 1.905 mm
[endpoint_off_grid]: Symbol pin or wire end off connection grid
    ; warning
    @(45.72 mm, 76.20 mm): Horizontal Wire, length 9.525 mm
[endpoint_off_grid]: Symbol pin or wire end off connection grid
    ; warning
    @(55.245 mm, 76.20 mm): Symbol #PWR012 Hidden pin 1 [GND, Power input, Line]
[isolated_pin_label]: Label connected to only one pin
    ; warning
    @(80.645 mm, 77.47 mm): Hierarchical Label 'OSC1'
[isolated_pin_label]: Label connected to only one pin
    ; warning
    @(80.645 mm, 85.09 mm): Hierarchical Label 'OSC2'
[endpoint_off_grid]: Symbol pin or wire end off connection grid
    ; warning
    @(80.772 mm, 151.003 mm): Horizontal Wire, length 10.16 mm
[endpoint_off_grid]: Symbol pin or wire end off connection grid
    ; warning
    @(81.915 mm, 123.19 mm): Horizontal Wire, length 8.89 mm
[isolated_pin_label]: Label connected to only one pin
    ; warning
    @(81.915 mm, 123.19 mm): Hierarchical Label 'rg2_d+'
[endpoint_off_grid]: Symbol pin or wire end off connection grid
    ; warning
    @(81.915 mm, 125.73 mm): Horizontal Wire, length 8.89 mm
[isolated_pin_label]: Label connected to only one pin
    ; warning
    @(81.915 mm, 125.73 mm): Hierarchical Label 'rg3_d-'
[isolated_pin_label]: Label connected to only one pin
    ; warning
    @(90.805 mm, 34.29 mm): Hierarchical Label 'RA0'
[isolated_pin_label]: Label connected to only one pin
    ; warning
    @(90.805 mm, 36.83 mm): Hierarchical Label 'RA1'
[isolated_pin_label]: Label connected to only one pin
    ; warning
    @(90.805 mm, 39.37 mm): Hierarchical Label 'VREF-'
[isolated_pin_label]: Label connected to only one pin
    ; warning
    @(90.805 mm, 41.91 mm): Hierarchical Label 'VREF+'
[isolated_pin_label]: Label connected to only one pin
    ; warning
    @(90.805 mm, 44.45 mm): Hierarchical Label 'RA4'
[isolated_pin_label]: Label connected to only one pin
    ; warning
    @(90.805 mm, 46.99 mm): Hierarchical Label 'RA5'
[isolated_pin_label]: Label connected to only one pin
    ; warning
    @(90.805 mm, 49.53 mm): Hierarchical Label 'RA6'
[isolated_pin_label]: Label connected to only one pin
    ; warning
    @(90.805 mm, 52.07 mm): Hierarchical Label 'RA7'
[isolated_pin_label]: Label connected to only one pin
    ; warning
    @(90.805 mm, 54.61 mm): Hierarchical Label 'RA9'
[isolated_pin_label]: Label connected to only one pin
    ; warning
    @(90.805 mm, 57.15 mm): Hierarchical Label 'RA10'
[isolated_pin_label]: Label connected to only one pin
    ; warning
    @(90.805 mm, 59.69 mm): Hierarchical Label 'RA14'
[isolated_pin_label]: Label connected to only one pin
    ; warning
    @(90.805 mm, 62.23 mm): Hierarchical Label 'RA15'
[isolated_pin_label]: Label connected to only one pin
    ; warning
    @(90.805 mm, 67.31 mm): Hierarchical Label 'RC1'
[isolated_pin_label]: Label connected to only one pin
    ; warning
    @(90.805 mm, 69.85 mm): Hierarchical Label 'RC2'
[isolated_pin_label]: Label connected to only one pin
    ; warning
    @(90.805 mm, 72.39 mm): Hierarchical Label 'RC3'
[isolated_pin_label]: Label connected to only one pin
    ; warning
    @(90.805 mm, 74.93 mm): Hierarchical Label 'RC4'
[endpoint_off_grid]: Symbol pin or wire end off connection grid
    ; warning
    @(90.805 mm, 77.47 mm): Horizontal Wire, length 10.16 mm
[isolated_pin_label]: Label connected to only one pin
    ; warning
    @(90.805 mm, 80.01 mm): Hierarchical Label 'RC13'
[isolated_pin_label]: Label connected to only one pin
    ; warning
    @(90.805 mm, 82.55 mm): Hierarchical Label 'RC14'
[endpoint_off_grid]: Symbol pin or wire end off connection grid
    ; warning
    @(90.805 mm, 85.09 mm): Horizontal Wire, length 10.16 mm
[isolated_pin_label]: Label connected to only one pin
    ; warning
    @(90.805 mm, 90.17 mm): Hierarchical Label 'RE0'
[isolated_pin_label]: Label connected to only one pin
    ; warning
    @(90.805 mm, 92.71 mm): Hierarchical Label 'RE1'
[isolated_pin_label]: Label connected to only one pin
    ; warning
    @(90.805 mm, 95.25 mm): Hierarchical Label 'RE2'
[isolated_pin_label]: Label connected to only one pin
    ; warning
    @(90.805 mm, 97.79 mm): Hierarchical Label 'RE3'
[isolated_pin_label]: Label connected to only one pin
    ; warning
    @(90.805 mm, 100.33 mm): Hierarchical Label 'RE4'
[isolated_pin_label]: Label connected to only one pin
    ; warning
    @(90.805 mm, 102.87 mm): Hierarchical Label 'RE5'
[isolated_pin_label]: Label connected to only one pin
    ; warning
    @(90.805 mm, 105.41 mm): Hierarchical Label 'RE6'
[isolated_pin_label]: Label connected to only one pin
    ; warning
    @(90.805 mm, 107.95 mm): Hierarchical Label 'RE7'
[isolated_pin_label]: Label connected to only one pin
    ; warning
    @(90.805 mm, 110.49 mm): Hierarchical Label 'RE8'
[isolated_pin_label]: Label connected to only one pin
    ; warning
    @(90.805 mm, 113.03 mm): Hierarchical Label 'RE9'
[isolated_pin_label]: Label connected to only one pin
    ; warning
    @(90.805 mm, 118.11 mm): Hierarchical Label 'RG0'
[isolated_pin_label]: Label connected to only one pin
    ; warning
    @(90.805 mm, 120.65 mm): Hierarchical Label 'RG1'
[isolated_pin_label]: Label connected to only one pin
    ; warning
    @(90.805 mm, 128.27 mm): Hierarchical Label 'RG6'
[isolated_pin_label]: Label connected to only one pin
    ; warning
    @(90.805 mm, 130.81 mm): Hierarchical Label 'RG7'
[isolated_pin_label]: Label connected to only one pin
    ; warning
    @(90.805 mm, 133.35 mm): Hierarchical Label 'RG8'
[isolated_pin_label]: Label connected to only one pin
    ; warning
    @(90.805 mm, 135.89 mm): Hierarchical Label 'RG9'
[isolated_pin_label]: Label connected to only one pin
    ; warning
    @(90.805 mm, 138.43 mm): Hierarchical Label 'RG12'
[isolated_pin_label]: Label connected to only one pin
    ; warning
    @(90.805 mm, 140.97 mm): Hierarchical Label 'RG13'
[isolated_pin_label]: Label connected to only one pin
    ; warning
    @(90.805 mm, 143.51 mm): Hierarchical Label 'RG14'
[endpoint_off_grid]: Symbol pin or wire end off connection grid
    ; warning
    @(90.805 mm, 146.05 mm): Symbol U1101 Pin 1 [RG15, Bidirectional, Line]
[isolated_pin_label]: Label connected to only one pin
    ; warning
    @(90.805 mm, 146.05 mm): Hierarchical Label 'RG15'
[unconnected_wire_endpoint]: Unconnected wire endpoint
    ; warning
    @(80.772 mm, 151.003 mm): Horizontal Wire, length 10.16 mm
[endpoint_off_grid]: Symbol pin or wire end off connection grid
    ; warning
    @(94.615 mm, 21.59 mm): Symbol #PWR01104 Hidden pin 1 [+3.3V, Power input, Line]
[endpoint_off_grid]: Symbol pin or wire end off connection grid
    ; warning
    @(94.615 mm, 21.59 mm): Vertical Wire, length 5.08 mm
[endpoint_off_grid]: Symbol pin or wire end off connection grid
    ; warning
    @(94.615 mm, 26.67 mm): Horizontal Wire, length 13.97 mm
[endpoint_off_grid]: Symbol pin or wire end off connection grid
    ; warning
    @(104.902 mm, 158.623 mm): Horizontal Wire, length 19.05 mm
[endpoint_off_grid]: Symbol pin or wire end off connection grid
    ; warning
    @(104.902 mm, 158.623 mm): Vertical Wire, length 10.16 mm
[endpoint_off_grid]: Symbol pin or wire end off connection grid
    ; warning
    @(104.902 mm, 168.783 mm): Symbol #PWR01105 Hidden pin 1 [GND, Power input, Line]
[endpoint_off_grid]: Symbol pin or wire end off connection grid
    ; warning
    @(108.585 mm, 26.67 mm): Horizontal Wire, length 2.54 mm
[endpoint_off_grid]: Symbol pin or wire end off connection grid
    ; warning
    @(111.125 mm, 26.67 mm): Horizontal Wire, length 2.54 mm
[endpoint_off_grid]: Symbol pin or wire end off connection grid
    ; warning
    @(113.665 mm, 26.67 mm): Horizontal Wire, length 2.54 mm
[endpoint_off_grid]: Symbol pin or wire end off connection grid
    ; warning
    @(116.205 mm, 26.67 mm): Horizontal Wire, length 2.54 mm
[endpoint_off_grid]: Symbol pin or wire end off connection grid
    ; warning
    @(118.745 mm, 26.67 mm): Horizontal Wire, length 2.54 mm
[endpoint_off_grid]: Symbol pin or wire end off connection grid
    ; warning
    @(121.285 mm, 26.67 mm): Horizontal Wire, length 2.54 mm
[footprint_link_issues]: Footprint 'PIM100' not found in library 'Connector'
    ; warning
    @(121.285 mm, 92.71 mm): Symbol U1101 [PIC32MX795F512L-80x-PF]
[endpoint_off_grid]: Symbol pin or wire end off connection grid
    ; warning
    @(123.825 mm, 26.67 mm): Horizontal Wire, length 2.54 mm
[unconnected_wire_endpoint]: Unconnected wire endpoint
    ; warning
    @(104.902 mm, 158.623 mm): Horizontal Wire, length 19.05 mm
[endpoint_off_grid]: Symbol pin or wire end off connection grid
    ; warning
    @(126.365 mm, 26.67 mm): Horizontal Wire, length 5.08 mm
[endpoint_off_grid]: Symbol pin or wire end off connection grid
    ; warning
    @(151.765 mm, 36.83 mm): Horizontal Wire, length 38.10 mm
[endpoint_off_grid]: Symbol pin or wire end off connection grid
    ; warning
    @(151.765 mm, 41.91 mm): Horizontal Wire, length 38.10 mm
[endpoint_off_grid]: Symbol pin or wire end off connection grid
    ; warning
    @(151.765 mm, 44.45 mm): Horizontal Wire, length 38.10 mm
[isolated_pin_label]: Label connected to only one pin
    ; warning
    @(151.765 mm, 46.99 mm): Hierarchical Label 'RB0'
[isolated_pin_label]: Label connected to only one pin
    ; warning
    @(151.765 mm, 49.53 mm): Hierarchical Label 'AN8'
[isolated_pin_label]: Label connected to only one pin
    ; warning
    @(151.765 mm, 52.07 mm): Hierarchical Label 'AN9'
[isolated_pin_label]: Label connected to only one pin
    ; warning
    @(151.765 mm, 54.61 mm): Hierarchical Label 'AN10'
[endpoint_off_grid]: Symbol pin or wire end off connection grid
    ; warning
    @(151.765 mm, 57.15 mm): Horizontal Wire, length 38.10 mm
[endpoint_off_grid]: Symbol pin or wire end off connection grid
    ; warning
    @(151.765 mm, 59.69 mm): Horizontal Wire, length 38.10 mm
[endpoint_off_grid]: Symbol pin or wire end off connection grid
    ; warning
    @(151.765 mm, 62.23 mm): Horizontal Wire, length 38.10 mm
[endpoint_off_grid]: Symbol pin or wire end off connection grid
    ; warning
    @(151.765 mm, 64.77 mm): Horizontal Wire, length 38.10 mm
[endpoint_off_grid]: Symbol pin or wire end off connection grid
    ; warning
    @(151.765 mm, 67.31 mm): Horizontal Wire, length 38.10 mm
[endpoint_off_grid]: Symbol pin or wire end off connection grid
    ; warning
    @(151.765 mm, 69.85 mm): Horizontal Wire, length 38.10 mm
[endpoint_off_grid]: Symbol pin or wire end off connection grid
    ; warning
    @(151.765 mm, 72.39 mm): Horizontal Wire, length 38.10 mm
[endpoint_off_grid]: Symbol pin or wire end off connection grid
    ; warning
    @(151.765 mm, 74.93 mm): Horizontal Wire, length 38.10 mm
[endpoint_off_grid]: Symbol pin or wire end off connection grid
    ; warning
    @(151.765 mm, 77.47 mm): Horizontal Wire, length 38.10 mm
[endpoint_off_grid]: Symbol pin or wire end off connection grid
    ; warning
    @(151.765 mm, 80.01 mm): Horizontal Wire, length 38.10 mm
[endpoint_off_grid]: Symbol pin or wire end off connection grid
    ; warning
    @(151.765 mm, 85.09 mm): Horizontal Wire, length 38.10 mm
[endpoint_off_grid]: Symbol pin or wire end off connection grid
    ; warning
    @(151.765 mm, 87.63 mm): Horizontal Wire, length 38.10 mm
[endpoint_off_grid]: Symbol pin or wire end off connection grid
    ; warning
    @(151.765 mm, 90.17 mm): Horizontal Wire, length 38.10 mm
[endpoint_off_grid]: Symbol pin or wire end off connection grid
    ; warning
    @(151.765 mm, 92.71 mm): Horizontal Wire, length 38.10 mm
[endpoint_off_grid]: Symbol pin or wire end off connection grid
    ; warning
    @(151.765 mm, 95.25 mm): Horizontal Wire, length 38.10 mm
[endpoint_off_grid]: Symbol pin or wire end off connection grid
    ; warning
    @(151.765 mm, 97.79 mm): Horizontal Wire, length 38.10 mm
[endpoint_off_grid]: Symbol pin or wire end off connection grid
    ; warning
    @(151.765 mm, 100.33 mm): Horizontal Wire, length 38.10 mm
[endpoint_off_grid]: Symbol pin or wire end off connection grid
    ; warning
    @(151.765 mm, 102.87 mm): Horizontal Wire, length 38.10 mm
[endpoint_off_grid]: Symbol pin or wire end off connection grid
    ; warning
    @(151.765 mm, 105.41 mm): Horizontal Wire, length 38.10 mm
[endpoint_off_grid]: Symbol pin or wire end off connection grid
    ; warning
    @(151.765 mm, 107.95 mm): Horizontal Wire, length 38.10 mm
[endpoint_off_grid]: Symbol pin or wire end off connection grid
    ; warning
    @(151.765 mm, 110.49 mm): Horizontal Wire, length 38.10 mm
[endpoint_off_grid]: Symbol pin or wire end off connection grid
    ; warning
    @(151.765 mm, 113.03 mm): Horizontal Wire, length 38.10 mm
[endpoint_off_grid]: Symbol pin or wire end off connection grid
    ; warning
    @(151.765 mm, 115.57 mm): Horizontal Wire, length 38.10 mm
[endpoint_off_grid]: Symbol pin or wire end off connection grid
    ; warning
    @(151.765 mm, 118.11 mm): Horizontal Wire, length 38.10 mm
[endpoint_off_grid]: Symbol pin or wire end off connection grid
    ; warning
    @(151.765 mm, 120.65 mm): Horizontal Wire, length 38.10 mm
[endpoint_off_grid]: Symbol pin or wire end off connection grid
    ; warning
    @(151.765 mm, 123.19 mm): Horizontal Wire, length 38.10 mm
[endpoint_off_grid]: Symbol pin or wire end off connection grid
    ; warning
    @(151.765 mm, 128.27 mm): Horizontal Wire, length 38.10 mm
[endpoint_off_grid]: Symbol pin or wire end off connection grid
    ; warning
    @(151.765 mm, 130.81 mm): Horizontal Wire, length 38.10 mm
[endpoint_off_grid]: Symbol pin or wire end off connection grid
    ; warning
    @(165.608 mm, 148.59 mm): Horizontal Wire, length 13.843 mm
[endpoint_off_grid]: Symbol pin or wire end off connection grid
    ; warning
    @(165.608 mm, 148.717 mm): Vertical Wire, length 0.127 mm
[endpoint_off_grid]: Symbol pin or wire end off connection grid
    ; warning
    @(166.243 mm, 146.05 mm): Horizontal Wire, length 14.478 mm
[endpoint_off_grid]: Symbol pin or wire end off connection grid
    ; warning
    @(166.243 mm, 146.177 mm): Vertical Wire, length 0.127 mm
[endpoint_off_grid]: Symbol pin or wire end off connection grid
    ; warning
    @(166.878 mm, 143.51 mm): Horizontal Wire, length 15.113 mm
[endpoint_off_grid]: Symbol pin or wire end off connection grid
    ; warning
    @(166.878 mm, 143.637 mm): Vertical Wire, length 0.127 mm
[endpoint_off_grid]: Symbol pin or wire end off connection grid
    ; warning
    @(167.513 mm, 140.97 mm): Horizontal Wire, length 15.748 mm
[endpoint_off_grid]: Symbol pin or wire end off connection grid
    ; warning
    @(167.513 mm, 141.097 mm): Vertical Wire, length 0.127 mm
[endpoint_off_grid]: Symbol pin or wire end off connection grid
    ; warning
    @(168.148 mm, 138.43 mm): Horizontal Wire, length 16.383 mm
[endpoint_off_grid]: Symbol pin or wire end off connection grid
    ; warning
    @(168.148 mm, 138.557 mm): Vertical Wire, length 0.127 mm
[endpoint_off_grid]: Symbol pin or wire end off connection grid
    ; warning
    @(168.783 mm, 135.89 mm): Horizontal Wire, length 17.018 mm
[endpoint_off_grid]: Symbol pin or wire end off connection grid
    ; warning
    @(168.783 mm, 136.017 mm): Vertical Wire, length 0.127 mm
[endpoint_off_grid]: Symbol pin or wire end off connection grid
    ; warning
    @(169.418 mm, 133.35 mm): Horizontal Wire, length 17.653 mm
[endpoint_off_grid]: Symbol pin or wire end off connection grid
    ; warning
    @(169.418 mm, 133.477 mm): Vertical Wire, length 0.127 mm
[endpoint_off_grid]: Symbol pin or wire end off connection grid
    ; warning
    @(170.053 mm, 133.35 mm): Horizontal Wire, length 19.812 mm
[endpoint_off_grid]: Symbol pin or wire end off connection grid
    ; warning
    @(170.053 mm, 133.477 mm): Horizontal Wire, length 0.635 mm
[endpoint_off_grid]: Symbol pin or wire end off connection grid
    ; warning
    @(170.053 mm, 133.477 mm): Vertical Wire, length 0.127 mm
[endpoint_off_grid]: Symbol pin or wire end off connection grid
    ; warning
    @(170.053 mm, 135.89 mm): Horizontal Wire, length 19.812 mm
[endpoint_off_grid]: Symbol pin or wire end off connection grid
    ; warning
    @(170.053 mm, 136.017 mm): Vertical Wire, length 0.127 mm
[endpoint_off_grid]: Symbol pin or wire end off connection grid
    ; warning
    @(170.053 mm, 136.017 mm): Horizontal Wire, length 1.27 mm
[endpoint_off_grid]: Symbol pin or wire end off connection grid
    ; warning
    @(170.053 mm, 138.43 mm): Horizontal Wire, length 19.812 mm
[endpoint_off_grid]: Symbol pin or wire end off connection grid
    ; warning
    @(170.053 mm, 138.557 mm): Horizontal Wire, length 1.905 mm
[endpoint_off_grid]: Symbol pin or wire end off connection grid
    ; warning
    @(170.053 mm, 138.557 mm): Vertical Wire, length 0.127 mm
[endpoint_off_grid]: Symbol pin or wire end off connection grid
    ; warning
    @(170.053 mm, 140.97 mm): Horizontal Wire, length 19.812 mm
[endpoint_off_grid]: Symbol pin or wire end off connection grid
    ; warning
    @(170.053 mm, 141.097 mm): Horizontal Wire, length 2.54 mm
[endpoint_off_grid]: Symbol pin or wire end off connection grid
    ; warning
    @(170.053 mm, 141.097 mm): Vertical Wire, length 0.127 mm
[endpoint_off_grid]: Symbol pin or wire end off connection grid
    ; warning
    @(170.053 mm, 143.51 mm): Horizontal Wire, length 19.812 mm
[endpoint_off_grid]: Symbol pin or wire end off connection grid
    ; warning
    @(170.053 mm, 143.637 mm): Vertical Wire, length 0.127 mm
[endpoint_off_grid]: Symbol pin or wire end off connection grid
    ; warning
    @(170.053 mm, 143.637 mm): Horizontal Wire, length 3.175 mm
[endpoint_off_grid]: Symbol pin or wire end off connection grid
    ; warning
    @(170.053 mm, 146.05 mm): Horizontal Wire, length 19.812 mm
[endpoint_off_grid]: Symbol pin or wire end off connection grid
    ; warning
    @(170.053 mm, 146.177 mm): Horizontal Wire, length 3.81 mm
[endpoint_off_grid]: Symbol pin or wire end off connection grid
    ; warning
    @(170.053 mm, 146.177 mm): Vertical Wire, length 0.127 mm
[endpoint_off_grid]: Symbol pin or wire end off connection grid
    ; warning
    @(170.053 mm, 148.59 mm): Horizontal Wire, length 19.812 mm
[endpoint_off_grid]: Symbol pin or wire end off connection grid
    ; warning
    @(170.053 mm, 148.717 mm): Horizontal Wire, length 4.445 mm
[endpoint_off_grid]: Symbol pin or wire end off connection grid
    ; warning
    @(170.053 mm, 148.717 mm): Vertical Wire, length 0.127 mm
[isolated_pin_label]: Label connected to only one pin
    ; warning
    @(189.865 mm, 36.83 mm): Hierarchical Label 'MCLR'
[isolated_pin_label]: Label connected to only one pin
    ; warning
    @(189.865 mm, 41.91 mm): Hierarchical Label 'PGD'
[isolated_pin_label]: Label connected to only one pin
    ; warning
    @(189.865 mm, 44.45 mm): Hierarchical Label 'PGC'
[isolated_pin_label]: Label connected to only one pin
    ; warning
    @(189.865 mm, 57.15 mm): Hierarchical Label 'RB6'
[isolated_pin_label]: Label connected to only one pin
    ; warning
    @(189.865 mm, 59.69 mm): Hierarchical Label 'RB7'
[isolated_pin_label]: Label connected to only one pin
    ; warning
    @(189.865 mm, 62.23 mm): Hierarchical Label 'RB8'
[isolated_pin_label]: Label connected to only one pin
    ; warning
    @(189.865 mm, 64.77 mm): Hierarchical Label 'RB9'
[isolated_pin_label]: Label connected to only one pin
    ; warning
    @(189.865 mm, 67.31 mm): Hierarchical Label 'RB10'
[isolated_pin_label]: Label connected to only one pin
    ; warning
    @(189.865 mm, 69.85 mm): Hierarchical Label 'RB11'
[isolated_pin_label]: Label connected to only one pin
    ; warning
    @(189.865 mm, 72.39 mm): Hierarchical Label 'RB12'
[isolated_pin_label]: Label connected to only one pin
    ; warning
    @(189.865 mm, 74.93 mm): Hierarchical Label 'RB13'
[isolated_pin_label]: Label connected to only one pin
    ; warning
    @(189.865 mm, 77.47 mm): Hierarchical Label 'RB14'
[isolated_pin_label]: Label connected to only one pin
    ; warning
    @(189.865 mm, 80.01 mm): Hierarchical Label 'RB15'
[isolated_pin_label]: Label connected to only one pin
    ; warning
    @(189.865 mm, 85.09 mm): Hierarchical Label 'RD0'
[isolated_pin_label]: Label connected to only one pin
    ; warning
    @(189.865 mm, 87.63 mm): Hierarchical Label 'RD1'
[isolated_pin_label]: Label connected to only one pin
    ; warning
    @(189.865 mm, 90.17 mm): Hierarchical Label 'RD2'
[isolated_pin_label]: Label connected to only one pin
    ; warning
    @(189.865 mm, 92.71 mm): Hierarchical Label 'RD3'
[isolated_pin_label]: Label connected to only one pin
    ; warning
    @(189.865 mm, 95.25 mm): Hierarchical Label 'RD4'
[isolated_pin_label]: Label connected to only one pin
    ; warning
    @(189.865 mm, 97.79 mm): Hierarchical Label 'RD5'
[isolated_pin_label]: Label connected to only one pin
    ; warning
    @(189.865 mm, 100.33 mm): Hierarchical Label 'RD6'
[isolated_pin_label]: Label connected to only one pin
    ; warning
    @(189.865 mm, 102.87 mm): Hierarchical Label 'RD7'
[isolated_pin_label]: Label connected to only one pin
    ; warning
    @(189.865 mm, 105.41 mm): Hierarchical Label 'RD8'
[isolated_pin_label]: Label connected to only one pin
    ; warning
    @(189.865 mm, 107.95 mm): Hierarchical Label 'RD9'
[isolated_pin_label]: Label connected to only one pin
    ; warning
    @(189.865 mm, 110.49 mm): Hierarchical Label 'RD10'
[isolated_pin_label]: Label connected to only one pin
    ; warning
    @(189.865 mm, 113.03 mm): Hierarchical Label 'RD11'
[isolated_pin_label]: Label connected to only one pin
    ; warning
    @(189.865 mm, 115.57 mm): Hierarchical Label 'RD12'
[isolated_pin_label]: Label connected to only one pin
    ; warning
    @(189.865 mm, 118.11 mm): Hierarchical Label 'RD13'
[isolated_pin_label]: Label connected to only one pin
    ; warning
    @(189.865 mm, 120.65 mm): Hierarchical Label 'RD14'
[isolated_pin_label]: Label connected to only one pin
    ; warning
    @(189.865 mm, 123.19 mm): Hierarchical Label 'RD15'
[isolated_pin_label]: Label connected to only one pin
    ; warning
    @(189.865 mm, 128.27 mm): Hierarchical Label 'RF0'
[isolated_pin_label]: Label connected to only one pin
    ; warning
    @(189.865 mm, 130.81 mm): Hierarchical Label 'RF1'
[isolated_pin_label]: Label connected to only one pin
    ; warning
    @(189.865 mm, 133.35 mm): Hierarchical Label 'RF2'
[isolated_pin_label]: Label connected to only one pin
    ; warning
    @(189.865 mm, 135.89 mm): Hierarchical Label 'RF3'
[isolated_pin_label]: Label connected to only one pin
    ; warning
    @(189.865 mm, 138.43 mm): Hierarchical Label 'RF4'
[isolated_pin_label]: Label connected to only one pin
    ; warning
    @(189.865 mm, 140.97 mm): Hierarchical Label 'RF5'
[isolated_pin_label]: Label connected to only one pin
    ; warning
    @(189.865 mm, 143.51 mm): Hierarchical Label 'RF8'
[isolated_pin_label]: Label connected to only one pin
    ; warning
    @(189.865 mm, 146.05 mm): Hierarchical Label 'RF12'
[isolated_pin_label]: Label connected to only one pin
    ; warning
    @(189.865 mm, 148.59 mm): Hierarchical Label 'RF13'

 ** ERC messages: 329  Errors 139  Warnings 190

 ** Ignored checks:
    - Global label only appears once in the schematic
    - Four connection points are joined together
    - SPICE model issue
    - Assigned footprint doesn't match footprint filters
